###############################################################################
#
# IAR ELF Linker V8.32.3.193/W32 for ARM                  07/Nov/2021  19:59:37
# Copyright 2007-2019 IAR Systems AB.
#
#    Output file  =  
#        D:\14_gitee_store\medicine_car\Project\IAR\program\nor_sdram_zf_dtcm\Exe\RT106X.out
#    Map file     =  
#        D:\14_gitee_store\medicine_car\Project\IAR\program\nor_sdram_zf_dtcm\List\RT106X.map
#    Command line =  
#        -f C:\Users\40532\AppData\Local\Temp\EW793D.tmp
#        (D:\14_gitee_store\medicine_car\Project\IAR\program\nor_sdram_zf_dtcm\Obj\aicar_adc.o
#        D:\14_gitee_store\medicine_car\Project\IAR\program\nor_sdram_zf_dtcm\Obj\aicar_chasu.o
#        D:\14_gitee_store\medicine_car\Project\IAR\program\nor_sdram_zf_dtcm\Obj\aicar_element.o
#        D:\14_gitee_store\medicine_car\Project\IAR\program\nor_sdram_zf_dtcm\Obj\aicar_error.o
#        D:\14_gitee_store\medicine_car\Project\IAR\program\nor_sdram_zf_dtcm\Obj\aicar_flash.o
#        D:\14_gitee_store\medicine_car\Project\IAR\program\nor_sdram_zf_dtcm\Obj\aicar_gogogo.o
#        D:\14_gitee_store\medicine_car\Project\IAR\program\nor_sdram_zf_dtcm\Obj\aicar_hcsr04.o
#        D:\14_gitee_store\medicine_car\Project\IAR\program\nor_sdram_zf_dtcm\Obj\aicar_init.o
#        D:\14_gitee_store\medicine_car\Project\IAR\program\nor_sdram_zf_dtcm\Obj\aicar_key.o
#        D:\14_gitee_store\medicine_car\Project\IAR\program\nor_sdram_zf_dtcm\Obj\aicar_meau.o
#        D:\14_gitee_store\medicine_car\Project\IAR\program\nor_sdram_zf_dtcm\Obj\aicar_meau_main.o
#        D:\14_gitee_store\medicine_car\Project\IAR\program\nor_sdram_zf_dtcm\Obj\aicar_motor.o
#        D:\14_gitee_store\medicine_car\Project\IAR\program\nor_sdram_zf_dtcm\Obj\aicar_printf.o
#        D:\14_gitee_store\medicine_car\Project\IAR\program\nor_sdram_zf_dtcm\Obj\aicar_servo.o
#        D:\14_gitee_store\medicine_car\Project\IAR\program\nor_sdram_zf_dtcm\Obj\aicar_uart.o
#        D:\14_gitee_store\medicine_car\Project\IAR\program\nor_sdram_zf_dtcm\Obj\aicar_wireless.o
#        D:\14_gitee_store\medicine_car\Project\IAR\program\nor_sdram_zf_dtcm\Obj\board.o
#        D:\14_gitee_store\medicine_car\Project\IAR\program\nor_sdram_zf_dtcm\Obj\clock_config.o
#        D:\14_gitee_store\medicine_car\Project\IAR\program\nor_sdram_zf_dtcm\Obj\common.o
#        D:\14_gitee_store\medicine_car\Project\IAR\program\nor_sdram_zf_dtcm\Obj\cut.o
#        D:\14_gitee_store\medicine_car\Project\IAR\program\nor_sdram_zf_dtcm\Obj\diskio.o
#        D:\14_gitee_store\medicine_car\Project\IAR\program\nor_sdram_zf_dtcm\Obj\evkmimxrt1064_flexspi_nor_config.o
#        D:\14_gitee_store\medicine_car\Project\IAR\program\nor_sdram_zf_dtcm\Obj\evkmimxrt1064_sdram_ini_dcd.o
#        D:\14_gitee_store\medicine_car\Project\IAR\program\nor_sdram_zf_dtcm\Obj\fd_FeatureData.o
#        D:\14_gitee_store\medicine_car\Project\IAR\program\nor_sdram_zf_dtcm\Obj\fd_GetMid.o
#        D:\14_gitee_store\medicine_car\Project\IAR\program\nor_sdram_zf_dtcm\Obj\ff.o
#        D:\14_gitee_store\medicine_car\Project\IAR\program\nor_sdram_zf_dtcm\Obj\ffsystem.o
#        D:\14_gitee_store\medicine_car\Project\IAR\program\nor_sdram_zf_dtcm\Obj\ffunicode.o
#        D:\14_gitee_store\medicine_car\Project\IAR\program\nor_sdram_zf_dtcm\Obj\fsl_adc.o
#        D:\14_gitee_store\medicine_car\Project\IAR\program\nor_sdram_zf_dtcm\Obj\fsl_adc_etc.o
#        D:\14_gitee_store\medicine_car\Project\IAR\program\nor_sdram_zf_dtcm\Obj\fsl_aipstz.o
#        D:\14_gitee_store\medicine_car\Project\IAR\program\nor_sdram_zf_dtcm\Obj\fsl_aoi.o
#        D:\14_gitee_store\medicine_car\Project\IAR\program\nor_sdram_zf_dtcm\Obj\fsl_assert.o
#        D:\14_gitee_store\medicine_car\Project\IAR\program\nor_sdram_zf_dtcm\Obj\fsl_bee.o
#        D:\14_gitee_store\medicine_car\Project\IAR\program\nor_sdram_zf_dtcm\Obj\fsl_cache.o
#        D:\14_gitee_store\medicine_car\Project\IAR\program\nor_sdram_zf_dtcm\Obj\fsl_clock.o
#        D:\14_gitee_store\medicine_car\Project\IAR\program\nor_sdram_zf_dtcm\Obj\fsl_cmp.o
#        D:\14_gitee_store\medicine_car\Project\IAR\program\nor_sdram_zf_dtcm\Obj\fsl_common.o
#        D:\14_gitee_store\medicine_car\Project\IAR\program\nor_sdram_zf_dtcm\Obj\fsl_csi.o
#        D:\14_gitee_store\medicine_car\Project\IAR\program\nor_sdram_zf_dtcm\Obj\fsl_dcdc.o
#        D:\14_gitee_store\medicine_car\Project\IAR\program\nor_sdram_zf_dtcm\Obj\fsl_dcp.o
#        D:\14_gitee_store\medicine_car\Project\IAR\program\nor_sdram_zf_dtcm\Obj\fsl_debug_console.o
#        D:\14_gitee_store\medicine_car\Project\IAR\program\nor_sdram_zf_dtcm\Obj\fsl_dmamux.o
#        D:\14_gitee_store\medicine_car\Project\IAR\program\nor_sdram_zf_dtcm\Obj\fsl_edma.o
#        D:\14_gitee_store\medicine_car\Project\IAR\program\nor_sdram_zf_dtcm\Obj\fsl_elcdif.o
#        D:\14_gitee_store\medicine_car\Project\IAR\program\nor_sdram_zf_dtcm\Obj\fsl_enc.o
#        D:\14_gitee_store\medicine_car\Project\IAR\program\nor_sdram_zf_dtcm\Obj\fsl_enet.o
#        D:\14_gitee_store\medicine_car\Project\IAR\program\nor_sdram_zf_dtcm\Obj\fsl_ewm.o
#        D:\14_gitee_store\medicine_car\Project\IAR\program\nor_sdram_zf_dtcm\Obj\fsl_flexcan.o
#        D:\14_gitee_store\medicine_car\Project\IAR\program\nor_sdram_zf_dtcm\Obj\fsl_flexio.o
#        D:\14_gitee_store\medicine_car\Project\IAR\program\nor_sdram_zf_dtcm\Obj\fsl_flexio_camera.o
#        D:\14_gitee_store\medicine_car\Project\IAR\program\nor_sdram_zf_dtcm\Obj\fsl_flexio_i2c_master.o
#        D:\14_gitee_store\medicine_car\Project\IAR\program\nor_sdram_zf_dtcm\Obj\fsl_flexio_i2s.o
#        D:\14_gitee_store\medicine_car\Project\IAR\program\nor_sdram_zf_dtcm\Obj\fsl_flexio_i2s_edma.o
#        D:\14_gitee_store\medicine_car\Project\IAR\program\nor_sdram_zf_dtcm\Obj\fsl_flexio_spi.o
#        D:\14_gitee_store\medicine_car\Project\IAR\program\nor_sdram_zf_dtcm\Obj\fsl_flexio_spi_edma.o
#        D:\14_gitee_store\medicine_car\Project\IAR\program\nor_sdram_zf_dtcm\Obj\fsl_flexio_uart.o
#        D:\14_gitee_store\medicine_car\Project\IAR\program\nor_sdram_zf_dtcm\Obj\fsl_flexio_uart_edma.o
#        D:\14_gitee_store\medicine_car\Project\IAR\program\nor_sdram_zf_dtcm\Obj\fsl_flexram.o
#        D:\14_gitee_store\medicine_car\Project\IAR\program\nor_sdram_zf_dtcm\Obj\fsl_flexspi.o
#        D:\14_gitee_store\medicine_car\Project\IAR\program\nor_sdram_zf_dtcm\Obj\fsl_flexspi_nor_boot.o
#        D:\14_gitee_store\medicine_car\Project\IAR\program\nor_sdram_zf_dtcm\Obj\fsl_gpc.o
#        D:\14_gitee_store\medicine_car\Project\IAR\program\nor_sdram_zf_dtcm\Obj\fsl_gpio.o
#        D:\14_gitee_store\medicine_car\Project\IAR\program\nor_sdram_zf_dtcm\Obj\fsl_gpt.o
#        D:\14_gitee_store\medicine_car\Project\IAR\program\nor_sdram_zf_dtcm\Obj\fsl_kpp.o
#        D:\14_gitee_store\medicine_car\Project\IAR\program\nor_sdram_zf_dtcm\Obj\fsl_lpi2c.o
#        D:\14_gitee_store\medicine_car\Project\IAR\program\nor_sdram_zf_dtcm\Obj\fsl_lpi2c_edma.o
#        D:\14_gitee_store\medicine_car\Project\IAR\program\nor_sdram_zf_dtcm\Obj\fsl_lpspi.o
#        D:\14_gitee_store\medicine_car\Project\IAR\program\nor_sdram_zf_dtcm\Obj\fsl_lpspi_edma.o
#        D:\14_gitee_store\medicine_car\Project\IAR\program\nor_sdram_zf_dtcm\Obj\fsl_lpuart.o
#        D:\14_gitee_store\medicine_car\Project\IAR\program\nor_sdram_zf_dtcm\Obj\fsl_lpuart_edma.o
#        D:\14_gitee_store\medicine_car\Project\IAR\program\nor_sdram_zf_dtcm\Obj\fsl_mmc.o
#        D:\14_gitee_store\medicine_car\Project\IAR\program\nor_sdram_zf_dtcm\Obj\fsl_notifier.o
#        D:\14_gitee_store\medicine_car\Project\IAR\program\nor_sdram_zf_dtcm\Obj\fsl_ocotp.o
#        D:\14_gitee_store\medicine_car\Project\IAR\program\nor_sdram_zf_dtcm\Obj\fsl_os_abstraction_bm.o
#        D:\14_gitee_store\medicine_car\Project\IAR\program\nor_sdram_zf_dtcm\Obj\fsl_pit.o
#        D:\14_gitee_store\medicine_car\Project\IAR\program\nor_sdram_zf_dtcm\Obj\fsl_pmu.o
#        D:\14_gitee_store\medicine_car\Project\IAR\program\nor_sdram_zf_dtcm\Obj\fsl_pwm.o
#        D:\14_gitee_store\medicine_car\Project\IAR\program\nor_sdram_zf_dtcm\Obj\fsl_pxp.o
#        D:\14_gitee_store\medicine_car\Project\IAR\program\nor_sdram_zf_dtcm\Obj\fsl_qtmr.o
#        D:\14_gitee_store\medicine_car\Project\IAR\program\nor_sdram_zf_dtcm\Obj\fsl_rtwdog.o
#        D:\14_gitee_store\medicine_car\Project\IAR\program\nor_sdram_zf_dtcm\Obj\fsl_sai.o
#        D:\14_gitee_store\medicine_car\Project\IAR\program\nor_sdram_zf_dtcm\Obj\fsl_sai_edma.o
#        D:\14_gitee_store\medicine_car\Project\IAR\program\nor_sdram_zf_dtcm\Obj\fsl_sbrk.o
#        D:\14_gitee_store\medicine_car\Project\IAR\program\nor_sdram_zf_dtcm\Obj\fsl_sd.o
#        D:\14_gitee_store\medicine_car\Project\IAR\program\nor_sdram_zf_dtcm\Obj\fsl_sd_disk.o
#        D:\14_gitee_store\medicine_car\Project\IAR\program\nor_sdram_zf_dtcm\Obj\fsl_sdio.o
#        D:\14_gitee_store\medicine_car\Project\IAR\program\nor_sdram_zf_dtcm\Obj\fsl_sdmmc_common.o
#        D:\14_gitee_store\medicine_car\Project\IAR\program\nor_sdram_zf_dtcm\Obj\fsl_sdmmc_event.o
#        D:\14_gitee_store\medicine_car\Project\IAR\program\nor_sdram_zf_dtcm\Obj\fsl_sdmmc_host.o
#        D:\14_gitee_store\medicine_car\Project\IAR\program\nor_sdram_zf_dtcm\Obj\fsl_semc.o
#        D:\14_gitee_store\medicine_car\Project\IAR\program\nor_sdram_zf_dtcm\Obj\fsl_shell.o
#        D:\14_gitee_store\medicine_car\Project\IAR\program\nor_sdram_zf_dtcm\Obj\fsl_snvs_hp.o
#        D:\14_gitee_store\medicine_car\Project\IAR\program\nor_sdram_zf_dtcm\Obj\fsl_snvs_lp.o
#        D:\14_gitee_store\medicine_car\Project\IAR\program\nor_sdram_zf_dtcm\Obj\fsl_spdif.o
#        D:\14_gitee_store\medicine_car\Project\IAR\program\nor_sdram_zf_dtcm\Obj\fsl_spdif_edma.o
#        D:\14_gitee_store\medicine_car\Project\IAR\program\nor_sdram_zf_dtcm\Obj\fsl_src.o
#        D:\14_gitee_store\medicine_car\Project\IAR\program\nor_sdram_zf_dtcm\Obj\fsl_str.o
#        D:\14_gitee_store\medicine_car\Project\IAR\program\nor_sdram_zf_dtcm\Obj\fsl_tempmon.o
#        D:\14_gitee_store\medicine_car\Project\IAR\program\nor_sdram_zf_dtcm\Obj\fsl_trng.o
#        D:\14_gitee_store\medicine_car\Project\IAR\program\nor_sdram_zf_dtcm\Obj\fsl_tsc.o
#        D:\14_gitee_store\medicine_car\Project\IAR\program\nor_sdram_zf_dtcm\Obj\fsl_usdhc.o
#        D:\14_gitee_store\medicine_car\Project\IAR\program\nor_sdram_zf_dtcm\Obj\fsl_wdog.o
#        D:\14_gitee_store\medicine_car\Project\IAR\program\nor_sdram_zf_dtcm\Obj\fsl_xbara.o
#        D:\14_gitee_store\medicine_car\Project\IAR\program\nor_sdram_zf_dtcm\Obj\fsl_xbarb.o
#        D:\14_gitee_store\medicine_car\Project\IAR\program\nor_sdram_zf_dtcm\Obj\generic_list.o
#        D:\14_gitee_store\medicine_car\Project\IAR\program\nor_sdram_zf_dtcm\Obj\isr.o
#        D:\14_gitee_store\medicine_car\Project\IAR\program\nor_sdram_zf_dtcm\Obj\lpuart_adapter.o
#        D:\14_gitee_store\medicine_car\Project\IAR\program\nor_sdram_zf_dtcm\Obj\main.o
#        D:\14_gitee_store\medicine_car\Project\IAR\program\nor_sdram_zf_dtcm\Obj\ostu.o
#        D:\14_gitee_store\medicine_car\Project\IAR\program\nor_sdram_zf_dtcm\Obj\pin_mux.o
#        D:\14_gitee_store\medicine_car\Project\IAR\program\nor_sdram_zf_dtcm\Obj\SEEKFREE_18TFT.o
#        D:\14_gitee_store\medicine_car\Project\IAR\program\nor_sdram_zf_dtcm\Obj\SEEKFREE_FONT.o
#        D:\14_gitee_store\medicine_car\Project\IAR\program\nor_sdram_zf_dtcm\Obj\SEEKFREE_FUN.o
#        D:\14_gitee_store\medicine_car\Project\IAR\program\nor_sdram_zf_dtcm\Obj\SEEKFREE_ICM20602.o
#        D:\14_gitee_store\medicine_car\Project\IAR\program\nor_sdram_zf_dtcm\Obj\SEEKFREE_IIC.o
#        D:\14_gitee_store\medicine_car\Project\IAR\program\nor_sdram_zf_dtcm\Obj\SEEKFREE_IPS114_SPI.o
#        D:\14_gitee_store\medicine_car\Project\IAR\program\nor_sdram_zf_dtcm\Obj\SEEKFREE_IPS200_PARALLEL8.o
#        D:\14_gitee_store\medicine_car\Project\IAR\program\nor_sdram_zf_dtcm\Obj\SEEKFREE_L3G4200D.o
#        D:\14_gitee_store\medicine_car\Project\IAR\program\nor_sdram_zf_dtcm\Obj\SEEKFREE_MMA8451.o
#        D:\14_gitee_store\medicine_car\Project\IAR\program\nor_sdram_zf_dtcm\Obj\SEEKFREE_MPU6050.o
#        D:\14_gitee_store\medicine_car\Project\IAR\program\nor_sdram_zf_dtcm\Obj\SEEKFREE_MT9V03X.o
#        D:\14_gitee_store\medicine_car\Project\IAR\program\nor_sdram_zf_dtcm\Obj\SEEKFREE_MT9V03X_CSI.o
#        D:\14_gitee_store\medicine_car\Project\IAR\program\nor_sdram_zf_dtcm\Obj\SEEKFREE_NRF24L01.o
#        D:\14_gitee_store\medicine_car\Project\IAR\program\nor_sdram_zf_dtcm\Obj\SEEKFREE_OLED.o
#        D:\14_gitee_store\medicine_car\Project\IAR\program\nor_sdram_zf_dtcm\Obj\SEEKFREE_PRINTF.o
#        D:\14_gitee_store\medicine_car\Project\IAR\program\nor_sdram_zf_dtcm\Obj\SEEKFREE_SCC8660.o
#        D:\14_gitee_store\medicine_car\Project\IAR\program\nor_sdram_zf_dtcm\Obj\SEEKFREE_SCC8660_CSI.o
#        D:\14_gitee_store\medicine_car\Project\IAR\program\nor_sdram_zf_dtcm\Obj\SEEKFREE_VIRSCO.o
#        D:\14_gitee_store\medicine_car\Project\IAR\program\nor_sdram_zf_dtcm\Obj\SEEKFREE_W25QXXJV.o
#        D:\14_gitee_store\medicine_car\Project\IAR\program\nor_sdram_zf_dtcm\Obj\SEEKFREE_WIRELESS.o
#        D:\14_gitee_store\medicine_car\Project\IAR\program\nor_sdram_zf_dtcm\Obj\serial_manager.o
#        D:\14_gitee_store\medicine_car\Project\IAR\program\nor_sdram_zf_dtcm\Obj\Serial_oscilloscope.o
#        D:\14_gitee_store\medicine_car\Project\IAR\program\nor_sdram_zf_dtcm\Obj\serial_port_uart.o
#        D:\14_gitee_store\medicine_car\Project\IAR\program\nor_sdram_zf_dtcm\Obj\startup_MIMXRT1064.o
#        D:\14_gitee_store\medicine_car\Project\IAR\program\nor_sdram_zf_dtcm\Obj\system_MIMXRT1064.o
#        D:\14_gitee_store\medicine_car\Project\IAR\program\nor_sdram_zf_dtcm\Obj\usb_device_cdc_acm.o
#        D:\14_gitee_store\medicine_car\Project\IAR\program\nor_sdram_zf_dtcm\Obj\usb_device_ch9.o
#        D:\14_gitee_store\medicine_car\Project\IAR\program\nor_sdram_zf_dtcm\Obj\usb_device_class.o
#        D:\14_gitee_store\medicine_car\Project\IAR\program\nor_sdram_zf_dtcm\Obj\usb_device_dci.o
#        D:\14_gitee_store\medicine_car\Project\IAR\program\nor_sdram_zf_dtcm\Obj\usb_device_descriptor.o
#        D:\14_gitee_store\medicine_car\Project\IAR\program\nor_sdram_zf_dtcm\Obj\usb_device_ehci.o
#        D:\14_gitee_store\medicine_car\Project\IAR\program\nor_sdram_zf_dtcm\Obj\usb_phy.o
#        D:\14_gitee_store\medicine_car\Project\IAR\program\nor_sdram_zf_dtcm\Obj\zf_adc.o
#        D:\14_gitee_store\medicine_car\Project\IAR\program\nor_sdram_zf_dtcm\Obj\zf_camera.o
#        D:\14_gitee_store\medicine_car\Project\IAR\program\nor_sdram_zf_dtcm\Obj\zf_csi.o
#        D:\14_gitee_store\medicine_car\Project\IAR\program\nor_sdram_zf_dtcm\Obj\zf_flash.o
#        D:\14_gitee_store\medicine_car\Project\IAR\program\nor_sdram_zf_dtcm\Obj\zf_gpio.o
#        D:\14_gitee_store\medicine_car\Project\IAR\program\nor_sdram_zf_dtcm\Obj\zf_iic.o
#        D:\14_gitee_store\medicine_car\Project\IAR\program\nor_sdram_zf_dtcm\Obj\zf_iomuxc.o
#        D:\14_gitee_store\medicine_car\Project\IAR\program\nor_sdram_zf_dtcm\Obj\zf_pit.o
#        D:\14_gitee_store\medicine_car\Project\IAR\program\nor_sdram_zf_dtcm\Obj\zf_pwm.o
#        D:\14_gitee_store\medicine_car\Project\IAR\program\nor_sdram_zf_dtcm\Obj\zf_qtimer.o
#        D:\14_gitee_store\medicine_car\Project\IAR\program\nor_sdram_zf_dtcm\Obj\zf_rom_api.o
#        D:\14_gitee_store\medicine_car\Project\IAR\program\nor_sdram_zf_dtcm\Obj\zf_sdcard.o
#        D:\14_gitee_store\medicine_car\Project\IAR\program\nor_sdram_zf_dtcm\Obj\zf_spi.o
#        D:\14_gitee_store\medicine_car\Project\IAR\program\nor_sdram_zf_dtcm\Obj\zf_systick.o
#        D:\14_gitee_store\medicine_car\Project\IAR\program\nor_sdram_zf_dtcm\Obj\zf_uart.o
#        D:\14_gitee_store\medicine_car\Project\IAR\program\nor_sdram_zf_dtcm\Obj\zf_usb_cdc.o
#        D:\14_gitee_store\medicine_car\Project\IAR\program\nor_sdram_zf_dtcm\Obj\zf_vector.o
#        --no_out_extension -o
#        D:\14_gitee_store\medicine_car\Project\IAR\program\nor_sdram_zf_dtcm\Exe\RT106X.out
#        --map
#        D:\14_gitee_store\medicine_car\Project\IAR\program\nor_sdram_zf_dtcm\List\RT106X.map
#        --config
#        D:\14_gitee_store\medicine_car\Project\IAR\program\..\..\IAR\icf\MIMXRT1064xxxxx_flexspi_nor.icf
#        --semihosting --entry __iar_program_start --vfe --text_out locale)
#
###############################################################################

*******************************************************************************
*** RUNTIME MODEL ATTRIBUTES
***

CppFlavor       = *
__Heap_Handler  = DLMalloc
__SystemLibrary = DLib
__dlib_version  = 6


*******************************************************************************
*** HEAP SELECTION
***

The advanced heap was selected because the application calls memory
allocation functions outside of system library functions, and there
are calls to deallocation functions in the application.


*******************************************************************************
*** PLACEMENT SUMMARY
***

"A0":  place at 0x7000'2000 { ro section .intvec };
"A2":  place at 0x7000'0000 { section .boot_hdr.conf };
"A3":  place at 0x7000'1000 { section .boot_hdr.ivt };
"A4":  place at 0x7000'1020 { ro section .boot_hdr.boot_data };
"A5":  place at 0x7000'1030 { ro section .boot_hdr.dcd_data };
"P1":  place in [from 0x7000'2000 to 0x7000'23ff] |
                [from 0x7000'2400 to 0x703f'ffff] { ro };
define block RW { first rw, section m_usb_dma_init_data };
"P2":  place in [from 0x8000'0000 to 0x8000'03ff] |
                [from 0x8000'0400 to 0x81df'ffff] { block RW };
define block SDRAM_VAR
   with alignment = 8 { section SDRAM_CACHE, section SDRAM_CACHE.init };
"P11": place in [from 0x8000'0000 to 0x8000'03ff] |
                [from 0x8000'0400 to 0x81df'ffff] { block SDRAM_VAR };
define block ZI
   with alignment = 32 { first zi, section m_usb_dma_noninit_data };
"P3":  place in [from 0x2000'0000 to 0x2006'efff] { block ZI };
"P4":  place in [from 0x2000'0000 to 0x2006'efff] { section .data };
"P5":  place in [from 0x2000'0000 to 0x2006'efff] { section .textrw };
define block DTCM_VAR
   with alignment = 8 { section NonCacheable, section NonCacheable.init };
"P9":  place in [from 0x2000'0000 to 0x2006'efff] { block DTCM_VAR };
define block CSTACK with size = 4K, alignment = 8 { };
"P7":  place in [from 0x2006'f000 to 0x2006'ffff] { block CSTACK };
initialize by copy { rw, section .textrw };
initialize by copy { ro }
   except {
      ro section .intvec, ro object system_MIMXRT1064.o,
      ro object startup_MIMXRT1064.o, section .boot_hdr.conf,
      section .boot_hdr.ivt, section .boot_hdr.boot_data,
      section .boot_hdr.dcd_data };
keep {
   section .boot_hdr.conf, section .boot_hdr.ivt, section .boot_hdr.boot_data,
   section .boot_hdr.dcd_data };

No sections matched the following patterns:

  section .intvec_RAM              in "A1"
  section .textrw                  in "P3-P5|P9"
  section ITCM_NonCacheable        in block ITCM_VAR
  section ITCM_NonCacheable.init   in block ITCM_VAR
  section NonCacheable             in block DTCM_VAR
  section NonCacheable.init        in block DTCM_VAR
  section OCRAM_CACHE              in block OCRAM_VAR
  section OCRAM_CACHE.init         in block OCRAM_VAR
  section SDRAM_CACHE              in block SDRAM_VAR
  section SDRAM_CACHE.init         in block SDRAM_VAR
  section SDRAM_NonCacheable       in block SDRAM_NCACHE_VAR
  section SDRAM_NonCacheable.init  in block SDRAM_NCACHE_VAR
  section m_usb_dma_init_data      in block RW
  section m_usb_dma_noninit_data   in block ZI


  Section              Kind         Address     Size  Object
  -------              ----         -------     ----  ------
"P3-P5|P9", part 1 of 2:                        0xc2
  P3-P5|P9 s0                   0x2000'0000     0xc2  <Init block>
    .data              inited   0x2000'0000     0x28  zf_gpio.o [1]
    .data              inited   0x2000'0028     0x24  zf_uart.o [1]
    .data              inited   0x2000'004c     0x14  zf_pwm.o [1]
    .data              inited   0x2000'0060     0x14  zf_qtimer.o [1]
    .data              inited   0x2000'0074     0x14  zf_spi.o [1]
    .data              inited   0x2000'0088      0xc  zf_adc.o [1]
    .data              inited   0x2000'0094      0x4  aicar_element.o [1]
    .data              inited   0x2000'0098      0x4  aicar_init.o [1]
    .data              inited   0x2000'009c      0x4  aicar_init.o [1]
    .data              inited   0x2000'00a0      0x4  aicar_init.o [1]
    .data              inited   0x2000'00a4      0x4  system_MIMXRT1064.o [1]
    .data              inited   0x2000'00a8      0x4  zf_flash.o [1]
    .data              inited   0x2000'00ac      0x2  aicar_element.o [1]
    .data              inited   0x2000'00ae      0x2  aicar_meau.o [1]
    .data              inited   0x2000'00b0      0x2  fd_GetMid.o [1]
    .data              inited   0x2000'00b2      0x2  fd_GetMid.o [1]
    .data              inited   0x2000'00b4      0x2  fd_GetMid.o [1]
    .data              inited   0x2000'00b6      0x1  aicar_element.o [1]
    .data              inited   0x2000'00b7      0x1  aicar_element.o [1]
    .data              inited   0x2000'00b8      0x1  aicar_element.o [1]
    .data              inited   0x2000'00b9      0x1  aicar_element.o [1]
    .data              inited   0x2000'00ba      0x1  aicar_key.o [1]
    .data              inited   0x2000'00bb      0x1  aicar_key.o [1]
    .data              inited   0x2000'00bc      0x1  aicar_key.o [1]
    .data              inited   0x2000'00bd      0x1  aicar_key.o [1]
    .data              inited   0x2000'00be      0x1  aicar_meau_main.o [1]
    .data              inited   0x2000'00bf      0x1  fd_GetMid.o [1]
    .data              inited   0x2000'00c0      0x1  fd_GetMid.o [1]
    .data              inited   0x2000'00c1      0x1  fd_GetMid.o [1]
                              - 0x2000'00c2     0xc2

"P3-P5|P9", part 2 of 2:                      0x3578
  ZI                            0x2000'00e0   0x3578  <Block>
    .bss               zero     0x2000'00e0      0x2  aicar_adc.o [1]
    .bss               zero     0x2000'00e2      0x2  aicar_adc.o [1]
    .bss               zero     0x2000'00e4      0x2  aicar_adc.o [1]
    .bss               zero     0x2000'00e6      0x2  aicar_adc.o [1]
    .bss               zero     0x2000'00e8      0x2  aicar_adc.o [1]
    .bss               zero     0x2000'00ea      0x2  aicar_adc.o [1]
    .bss               zero     0x2000'00ec      0x2  aicar_adc.o [1]
    .bss               zero     0x2000'00f0      0x4  aicar_adc.o [1]
    .bss               zero     0x2000'00f4      0x4  aicar_adc.o [1]
    .bss               zero     0x2000'00f8      0x4  aicar_adc.o [1]
    .bss               zero     0x2000'00fc      0x4  aicar_adc.o [1]
    .bss               zero     0x2000'0100      0x4  aicar_adc.o [1]
    .bss               zero     0x2000'0104      0x4  aicar_adc.o [1]
    .bss               zero     0x2000'0108      0x4  aicar_adc.o [1]
    .bss               zero     0x2000'010c      0x2  aicar_adc.o [1]
    .bss               zero     0x2000'010e      0x1  aicar_element.o [1]
    .bss               zero     0x2000'010f      0x1  aicar_element.o [1]
    .bss               zero     0x2000'0110      0x1  aicar_element.o [1]
    .bss               zero     0x2000'0112      0x2  aicar_error.o [1]
    .bss               zero     0x2000'0114      0x4  aicar_error.o [1]
    .bss               zero     0x2000'0118      0x4  aicar_error.o [1]
    .bss               zero     0x2000'011c     0x14  aicar_flash.o [1]
    .bss               zero     0x2000'0130      0x1  aicar_flash.o [1]
    .bss               zero     0x2000'0134      0x4  aicar_hcsr04.o [1]
    .bss               zero     0x2000'0138      0x4  aicar_hcsr04.o [1]
    .bss               zero     0x2000'013c      0x4  aicar_hcsr04.o [1]
    .bss               zero     0x2000'0140      0x1  aicar_init.o [1]
    .bss               zero     0x2000'0141      0x1  aicar_init.o [1]
    .bss               zero     0x2000'0142      0x2  aicar_init.o [1]
    .bss               zero     0x2000'0144      0x2  aicar_init.o [1]
    .bss               zero     0x2000'0146      0x2  aicar_init.o [1]
    .bss               zero     0x2000'0148      0x2  aicar_init.o [1]
    .bss               zero     0x2000'014a      0x2  aicar_init.o [1]
    .bss               zero     0x2000'014c      0x2  aicar_init.o [1]
    .bss               zero     0x2000'014e      0x2  aicar_init.o [1]
    .bss               zero     0x2000'0150      0x2  aicar_init.o [1]
    .bss               zero     0x2000'0154      0x4  aicar_init.o [1]
    .bss               zero     0x2000'0158      0x8  aicar_init.o [1]
    .bss               zero     0x2000'0160      0x8  aicar_init.o [1]
    .bss               zero     0x2000'0168      0x8  aicar_init.o [1]
    .bss               zero     0x2000'0170      0x8  aicar_init.o [1]
    .bss               zero     0x2000'0178     0x28  aicar_init.o [1]
    .bss               zero     0x2000'01a0      0x1  aicar_init.o [1]
    .bss               zero     0x2000'01a1      0x1  aicar_init.o [1]
    .bss               zero     0x2000'01a2      0x2  aicar_init.o [1]
    .bss               zero     0x2000'01a4      0x4  aicar_init.o [1]
    .bss               zero     0x2000'01a8      0x4  aicar_init.o [1]
    .bss               zero     0x2000'01ac      0x1  aicar_key.o [1]
    .bss               zero     0x2000'01ad      0x1  aicar_key.o [1]
    .bss               zero     0x2000'01ae      0x1  aicar_key.o [1]
    .bss               zero     0x2000'01af      0x1  aicar_key.o [1]
    .bss               zero     0x2000'01b0      0x1  aicar_key.o [1]
    .bss               zero     0x2000'01b1      0x1  aicar_key.o [1]
    .bss               zero     0x2000'01b2      0x1  aicar_key.o [1]
    .bss               zero     0x2000'01b3      0x1  aicar_key.o [1]
    .bss               zero     0x2000'01b4      0x1  aicar_key.o [1]
    .bss               zero     0x2000'01b5      0x1  aicar_key.o [1]
    .bss               zero     0x2000'01b6      0x1  aicar_meau.o [1]
    .bss               zero     0x2000'01b7      0x1  aicar_meau.o [1]
    .bss               zero     0x2000'01b8      0x1  aicar_meau_main.o [1]
    .bss               zero     0x2000'01b9      0x1  aicar_meau_main.o [1]
    .bss               zero     0x2000'01ba      0x1  aicar_meau_main.o [1]
    .bss               zero     0x2000'01bc      0x4  aicar_motor.o [1]
    .bss               zero     0x2000'01c0      0x4  aicar_motor.o [1]
    .bss               zero     0x2000'01c4      0x4  aicar_motor.o [1]
    .bss               zero     0x2000'01c8      0x4  aicar_motor.o [1]
    .bss               zero     0x2000'01cc      0x4  aicar_motor.o [1]
    .bss               zero     0x2000'01d0      0x4  aicar_motor.o [1]
    .bss               zero     0x2000'01d4      0x1  aicar_motor.o [1]
    .bss               zero     0x2000'01d5      0x1  aicar_motor.o [1]
    .bss               zero     0x2000'01d8      0xc  aicar_motor.o [1]
    .bss               zero     0x2000'01e4      0xc  aicar_motor.o [1]
    .bss               zero     0x2000'01f0      0x2  aicar_motor.o [1]
    .bss               zero     0x2000'01f2      0x2  aicar_motor.o [1]
    .bss               zero     0x2000'01f4      0x4  aicar_motor.o [1]
    .bss               zero     0x2000'01f8      0x4  aicar_motor.o [1]
    .bss               zero     0x2000'01fc      0x4  aicar_motor.o [1]
    .bss               zero     0x2000'0200      0x4  aicar_motor.o [1]
    .bss               zero     0x2000'0204      0x4  aicar_motor.o [1]
    .bss               zero     0x2000'0208      0x4  aicar_motor.o [1]
    .bss               zero     0x2000'020c      0x4  aicar_motor.o [1]
    .bss               zero     0x2000'0210      0x4  aicar_motor.o [1]
    .bss               zero     0x2000'0214      0x4  aicar_motor.o [1]
    .bss               zero     0x2000'0218      0x4  aicar_motor.o [1]
    .bss               zero     0x2000'021c      0x4  aicar_motor.o [1]
    .bss               zero     0x2000'0220      0x4  aicar_motor.o [1]
    .bss               zero     0x2000'0224      0x8  aicar_uart.o [1]
    .bss               zero     0x2000'022c      0x1  aicar_uart.o [1]
    .bss               zero     0x2000'022d      0x1  aicar_uart.o [1]
    .bss               zero     0x2000'0230      0x8  aicar_uart.o [1]
    .bss               zero     0x2000'0238     0x30  aicar_uart.o [1]
    .bss               zero     0x2000'0268      0x1  aicar_uart.o [1]
    .bss               zero     0x2000'0269      0x1  aicar_uart.o [1]
    .bss               zero     0x2000'026c      0x8  aicar_wireless.o [1]
    .bss               zero     0x2000'0274      0x1  aicar_wireless.o [1]
    .bss               zero     0x2000'0278      0x4  common.o [1]
    .bss               zero     0x2000'027c      0x1  fd_GetMid.o [1]
    .bss               zero     0x2000'027d      0x1  fd_GetMid.o [1]
    .bss               zero     0x2000'0280   0x24b8  fd_GetMid.o [1]
    .bss               zero     0x2000'2738    0x3e0  fd_GetMid.o [1]
    .bss               zero     0x2000'2b18    0x3e0  fd_GetMid.o [1]
    .bss               zero     0x2000'2ef8     0xc8  fd_GetMid.o [1]
    .bss               zero     0x2000'2fc0    0x190  fd_GetMid.o [1]
    .bss               zero     0x2000'3150     0x64  fd_GetMid.o [1]
    .bss               zero     0x2000'31b4      0x1  fd_GetMid.o [1]
    .bss               zero     0x2000'31b6      0x2  fd_GetMid.o [1]
    .bss               zero     0x2000'31b8      0x1  fd_GetMid.o [1]
    .bss               zero     0x2000'31b9      0x1  fd_GetMid.o [1]
    .bss               zero     0x2000'31ba      0x1  fd_GetMid.o [1]
    .bss               zero     0x2000'31bb      0x1  fd_GetMid.o [1]
    .bss               zero     0x2000'31bc      0x1  fd_GetMid.o [1]
    .bss               zero     0x2000'31be      0x2  fd_GetMid.o [1]
    .bss               zero     0x2000'31c0      0x8  fd_GetMid.o [1]
    .bss               zero     0x2000'31c8      0x4  fd_GetMid.o [1]
    .bss               zero     0x2000'31cc      0x1  fd_GetMid.o [1]
    .bss               zero     0x2000'31cd      0x1  fd_GetMid.o [1]
    .bss               zero     0x2000'31ce      0x1  fd_GetMid.o [1]
    .bss               zero     0x2000'31cf      0x1  fd_GetMid.o [1]
    .bss               zero     0x2000'31d0      0x1  fd_GetMid.o [1]
    .bss               zero     0x2000'31d1      0x1  fd_GetMid.o [1]
    .bss               zero     0x2000'31d2      0x1  fd_GetMid.o [1]
    .bss               zero     0x2000'31d3      0x1  fd_GetMid.o [1]
    .bss               zero     0x2000'31d4      0x1  fd_GetMid.o [1]
    .bss               zero     0x2000'31d5      0x1  fd_GetMid.o [1]
    .bss               zero     0x2000'31d6      0x2  fd_GetMid.o [1]
    .bss               zero     0x2000'31d8      0x1  fd_GetMid.o [1]
    .bss               zero     0x2000'31d9      0x1  fd_GetMid.o [1]
    .bss               zero     0x2000'31da      0x1  fd_GetMid.o [1]
    .bss               zero     0x2000'31db      0x1  fd_GetMid.o [1]
    .bss               zero     0x2000'31dc      0x1  fd_GetMid.o [1]
    .bss               zero     0x2000'31dd      0x1  fd_GetMid.o [1]
    .bss               zero     0x2000'31de      0x1  fd_GetMid.o [1]
    .bss               zero     0x2000'31df      0x1  fd_GetMid.o [1]
    .bss               zero     0x2000'31e0      0x1  fd_GetMid.o [1]
    .bss               zero     0x2000'31e4      0x4  fsl_clock.o [1]
    .bss               zero     0x2000'31e8      0x4  fsl_clock.o [1]
    .bss               zero     0x2000'31ec      0x4  fsl_csi.o [1]
    .bss               zero     0x2000'31f0      0x4  fsl_csi.o [1]
    .bss               zero     0x2000'31f4     0x1c  fsl_debug_console.o [1]
    .bss               zero     0x2000'3210      0x4  fsl_debug_console.o [1]
    .bss               zero     0x2000'3214     0x80  fsl_edma.o [1]
    .bss               zero     0x2000'3294      0xc  fsl_enet.o [1]
    .bss               zero     0x2000'32a0      0x4  fsl_enet.o [1]
    .bss               zero     0x2000'32a4      0x4  fsl_enet.o [1]
    .bss               zero     0x2000'32a8      0x4  fsl_enet.o [1]
    .bss               zero     0x2000'32ac      0x4  fsl_enet.o [1]
    .bss               zero     0x2000'32b0     0x10  fsl_flexcan.o [1]
    .bss               zero     0x2000'32c0      0x4  fsl_flexcan.o [1]
    .bss               zero     0x2000'32c4      0x8  fsl_flexio.o [1]
    .bss               zero     0x2000'32cc      0x8  fsl_flexio.o [1]
    .bss               zero     0x2000'32d4      0x8  fsl_flexio.o [1]
    .bss               zero     0x2000'32dc      0x4  fsl_lpi2c.o [1]
    .bss               zero     0x2000'32e0     0x14  fsl_lpi2c.o [1]
    .bss               zero     0x2000'32f4      0x4  fsl_lpi2c.o [1]
    .bss               zero     0x2000'32f8     0x14  fsl_lpi2c.o [1]
    .bss               zero     0x2000'330c     0x14  fsl_lpspi.o [1]
    .bss               zero     0x2000'3320      0x4  fsl_lpspi.o [1]
    .bss               zero     0x2000'3324      0x4  fsl_lpspi.o [1]
    .bss               zero     0x2000'3328      0x8  fsl_lpspi.o [1]
    .bss               zero     0x2000'3330     0x24  fsl_lpuart.o [1]
    .bss               zero     0x2000'3354      0x4  fsl_lpuart.o [1]
    .bss               zero     0x2000'3358     0x20  fsl_sai.o [1]
    .bss               zero     0x2000'3378      0x4  fsl_sai.o [1]
    .bss               zero     0x2000'337c      0x4  fsl_sai.o [1]
    .bss               zero     0x2000'3380      0x4  fsl_sdmmc_event.o [1]
    .bss               zero     0x2000'3384      0x4  fsl_sdmmc_event.o [1]
    .bss               zero     0x2000'3388      0x4  fsl_sdmmc_event.o [1]
    .bss               zero     0x2000'338c     0x28  fsl_sdmmc_host.o [1]
    .bss               zero     0x2000'33b4      0x1  fsl_sdmmc_host.o [1]
    .bss               zero     0x2000'33b8      0x8  fsl_spdif.o [1]
    .bss               zero     0x2000'33c0      0x4  fsl_spdif.o [1]
    .bss               zero     0x2000'33c4      0x4  fsl_spdif.o [1]
    .bss               zero     0x2000'33c8      0xc  fsl_usdhc.o [1]
    .bss               zero     0x2000'33d4      0x4  fsl_usdhc.o [1]
    .bss               zero     0x2000'33d8      0x2  SEEKFREE_ICM20602.o [1]
    .bss               zero     0x2000'33da      0x2  SEEKFREE_ICM20602.o [1]
    .bss               zero     0x2000'33dc      0x2  SEEKFREE_ICM20602.o [1]
    .bss               zero     0x2000'33de      0x2  SEEKFREE_ICM20602.o [1]
    .bss               zero     0x2000'33e0      0x2  SEEKFREE_ICM20602.o [1]
    .bss               zero     0x2000'33e2      0x2  SEEKFREE_ICM20602.o [1]
    .bss               zero     0x2000'33e4      0x4  SEEKFREE_MT9V03X_CSI.o [1]
    .bss               zero     0x2000'33e8      0x1  SEEKFREE_MT9V03X_CSI.o [1]
    .bss               zero     0x2000'33e9      0x1  SEEKFREE_WIRELESS.o [1]
    .bss               zero     0x2000'33ec      0x8  SEEKFREE_WIRELESS.o [1]
    .bss               zero     0x2000'33f4     0x30  SEEKFREE_WIRELESS.o [1]
    .bss               zero     0x2000'3424     0x1c  zf_camera.o [1]
    .bss               zero     0x2000'3440    0x200  zf_flash.o [1]
    .bss               zero     0x2000'3640      0x4  zf_rom_api.o [1]
    .bss               zero     0x2000'3644      0x1  zf_systick.o [1]
    .bss               zero     0x2000'3648     0x10  zf_usb_cdc.o [1]
                              - 0x2000'3658   0x3578

"P7":                                         0x1000
  CSTACK                        0x2006'f000   0x1000  <Block>
    CSTACK             uninit   0x2006'f000   0x1000  <Block tail>
                              - 0x2007'0000   0x1000

"A2":                                          0x200
  .boot_hdr.conf       const    0x7000'0000    0x200  evkmimxrt1064_flexspi_nor_config.o [1]
                              - 0x7000'0200    0x200

"A3":                                           0x20
  .boot_hdr.ivt        const    0x7000'1000     0x20  fsl_flexspi_nor_boot.o [1]
                              - 0x7000'1020     0x20

"A4":                                           0x10
  .boot_hdr.boot_data  const    0x7000'1020     0x10  fsl_flexspi_nor_boot.o [1]
                              - 0x7000'1030     0x10

"A5":                                          0x430
  .boot_hdr.dcd_data   const    0x7000'1030    0x430  evkmimxrt1064_sdram_ini_dcd.o [1]
                              - 0x7000'1460    0x430

"A0":                                          0x440
  .intvec              const    0x7000'2000    0x400  zf_vector.o [1]
  .intvec              ro code  0x7000'2400     0x40  vector_table_M.o [4]
                              - 0x7000'2440    0x440

"P1":                                         0xf317
  .text                ro code  0x7000'2440    0x1f6  lz77_init.o [4]
  .text                ro code  0x7000'2636      0x6  abort.o [2]
  .text                ro code  0x7000'263c     0x14  exit.o [5]
  .text                ro code  0x7000'2650    0x18a  system_MIMXRT1064.o [1]
  .text                ro code  0x7000'27da     0x3a  zero_init3.o [4]
  .text                ro code  0x7000'2814     0x6c  startup_MIMXRT1064.o [1]
  .text                ro code  0x7000'2880     0x28  data_init.o [4]
  .text                ro code  0x7000'28a8     0x22  fpinit_M.o [3]
  .iar.init_table      const    0x7000'28cc     0x48  - Linker created -
  Veneer               ro code  0x7000'2914      0x8  - Linker created -
  Veneer               ro code  0x7000'291c      0x8  - Linker created -
  .text                ro code  0x7000'2924     0x1e  cmain.o [4]
  .text                ro code  0x7000'2942      0x4  low_level_init.o [2]
  .text                ro code  0x7000'2946      0xc  cstartup_M.o [4]
  .rodata              const    0x7000'2952      0x0  zero_init3.o [4]
  .rodata              const    0x7000'2952      0x0  lz77_init.o [4]
  Initializer bytes    const    0x7000'2952   0xed66  <for RW-1>
  Initializer bytes    const    0x7001'16b8     0x9f  <for P3-P5|P9 s0>
                              - 0x7001'1757   0xf317

"P2|P11":                                    0x19d28
  RW                            0x8000'0400  0x19d28  <Block>
    RW-1                        0x8000'0400  0x19d28  <Init block>
      .rodata          inited   0x8000'0400    0x420  pow64.o [3]
      .rodata          inited   0x8000'0820      0xc  aicar_element.o [1]
      .rodata          inited   0x8000'082c      0xc  aicar_element.o [1]
      .rodata          inited   0x8000'0838      0xc  aicar_element.o [1]
      .rodata          inited   0x8000'0844      0xc  aicar_element.o [1]
      .rodata          inited   0x8000'0850      0x8  aicar_element.o [1]
      .rodata          inited   0x8000'0858      0xc  aicar_element.o [1]
      .rodata          inited   0x8000'0864      0x8  aicar_element.o [1]
      .rodata          inited   0x8000'086c      0x8  aicar_element.o [1]
      .rodata          inited   0x8000'0874      0x8  aicar_element.o [1]
      .rodata          inited   0x8000'087c      0x8  aicar_element.o [1]
      .rodata          inited   0x8000'0884      0x8  aicar_element.o [1]
      .rodata          inited   0x8000'088c      0x8  aicar_element.o [1]
      .rodata          inited   0x8000'0894     0x10  aicar_element.o [1]
      .rodata          inited   0x8000'08a4      0x8  aicar_meau.o [1]
      .rodata          inited   0x8000'08ac      0x8  aicar_meau.o [1]
      .rodata          inited   0x8000'08b4      0x8  aicar_meau.o [1]
      .rodata          inited   0x8000'08bc      0x8  aicar_meau.o [1]
      .rodata          inited   0x8000'08c4      0x8  aicar_meau.o [1]
      .rodata          inited   0x8000'08cc      0x8  aicar_meau.o [1]
      .rodata          inited   0x8000'08d4      0xc  aicar_meau.o [1]
      .rodata          inited   0x8000'08e0      0x8  aicar_meau.o [1]
      .rodata          inited   0x8000'08e8      0x8  aicar_meau.o [1]
      .rodata          inited   0x8000'08f0      0x8  aicar_meau.o [1]
      .rodata          inited   0x8000'08f8      0x8  aicar_meau.o [1]
      .rodata          inited   0x8000'0900      0x8  aicar_meau.o [1]
      .rodata          inited   0x8000'0908      0x8  aicar_meau.o [1]
      .rodata          inited   0x8000'0910      0x8  aicar_meau.o [1]
      .rodata          inited   0x8000'0918      0x8  aicar_meau.o [1]
      .rodata          inited   0x8000'0920      0x8  aicar_meau.o [1]
      .rodata          inited   0x8000'0928      0x8  aicar_meau.o [1]
      .rodata          inited   0x8000'0930      0xc  aicar_meau.o [1]
      .rodata          inited   0x8000'093c      0xc  aicar_meau.o [1]
      .rodata          inited   0x8000'0948      0x8  aicar_meau.o [1]
      .rodata          inited   0x8000'0950      0x8  aicar_meau.o [1]
      .rodata          inited   0x8000'0958      0x8  aicar_meau_main.o [1]
      .rodata          inited   0x8000'0960      0xc  aicar_printf.o [1]
      .rodata          inited   0x8000'096c      0xc  aicar_printf.o [1]
      .rodata          inited   0x8000'0978      0xc  aicar_printf.o [1]
      .rodata          inited   0x8000'0984      0x8  aicar_printf.o [1]
      .rodata          inited   0x8000'098c      0x8  aicar_printf.o [1]
      .rodata          inited   0x8000'0994      0x8  aicar_printf.o [1]
      .rodata          inited   0x8000'099c      0x8  aicar_printf.o [1]
      .rodata          inited   0x8000'09a4      0x8  aicar_printf.o [1]
      .rodata          inited   0x8000'09ac      0x8  aicar_printf.o [1]
      .rodata          inited   0x8000'09b4      0x8  aicar_printf.o [1]
      .rodata          inited   0x8000'09bc      0x8  aicar_printf.o [1]
      .rodata          inited   0x8000'09c4      0x8  aicar_printf.o [1]
      .rodata          inited   0x8000'09cc      0xc  aicar_printf.o [1]
      .rodata          inited   0x8000'09d8      0xc  aicar_printf.o [1]
      .rodata          inited   0x8000'09e4      0x8  aicar_printf.o [1]
      .rodata          inited   0x8000'09ec      0x8  aicar_printf.o [1]
      .rodata          inited   0x8000'09f4      0xc  aicar_printf.o [1]
      .rodata          inited   0x8000'0a00      0xc  aicar_printf.o [1]
      .rodata          inited   0x8000'0a0c      0xc  aicar_printf.o [1]
      .rodata          inited   0x8000'0a18      0xc  aicar_printf.o [1]
      .rodata          inited   0x8000'0a24      0xc  aicar_printf.o [1]
      .rodata          inited   0x8000'0a30      0xc  aicar_printf.o [1]
      .rodata          inited   0x8000'0a3c      0xc  aicar_printf.o [1]
      .rodata          inited   0x8000'0a48     0x10  aicar_printf.o [1]
      .rodata          inited   0x8000'0a58     0x10  aicar_printf.o [1]
      .rodata          inited   0x8000'0a68     0x10  aicar_printf.o [1]
      .rodata          inited   0x8000'0a78     0x10  aicar_printf.o [1]
      .rodata          inited   0x8000'0a88      0x8  aicar_printf.o [1]
      .rodata          inited   0x8000'0a90      0x8  aicar_printf.o [1]
      .rodata          inited   0x8000'0a98      0x8  aicar_printf.o [1]
      .rodata          inited   0x8000'0aa0      0x8  aicar_printf.o [1]
      .rodata          inited   0x8000'0aa8      0x8  aicar_printf.o [1]
      .rodata          inited   0x8000'0ab0      0x8  aicar_printf.o [1]
      .rodata          inited   0x8000'0ab8      0x8  aicar_printf.o [1]
      .rodata          inited   0x8000'0ac0      0x8  aicar_printf.o [1]
      .rodata          inited   0x8000'0ac8      0xc  aicar_printf.o [1]
      .rodata          inited   0x8000'0ad4      0x8  aicar_printf.o [1]
      .rodata          inited   0x8000'0adc      0x8  aicar_printf.o [1]
      .rodata          inited   0x8000'0ae4     0x10  aicar_printf.o [1]
      .rodata          inited   0x8000'0af4     0x10  aicar_printf.o [1]
      .rodata          inited   0x8000'0b04     0x10  aicar_printf.o [1]
      .rodata          inited   0x8000'0b14     0x10  aicar_printf.o [1]
      .rodata          inited   0x8000'0b24      0x8  aicar_printf.o [1]
      .rodata          inited   0x8000'0b2c      0x8  aicar_printf.o [1]
      .rodata          inited   0x8000'0b34      0x8  aicar_printf.o [1]
      .rodata          inited   0x8000'0b3c      0x8  aicar_printf.o [1]
      .rodata          inited   0x8000'0b44     0x18  clock_config.o [1]
      .rodata          inited   0x8000'0b5c     0x4c  clock_config.o [1]
      .rodata          inited   0x8000'0ba8     0x10  clock_config.o [1]
      .rodata          inited   0x8000'0bb8      0x8  clock_config.o [1]
      .rodata          inited   0x8000'0bc0      0x8  fd_GetMid.o [1]
      .rodata          inited   0x8000'0bc8     0x10  fd_GetMid.o [1]
      .rodata          inited   0x8000'0bd8     0x10  fsl_adc.o [1]
      .rodata          inited   0x8000'0be8     0x4c  fsl_adc.o [1]
      .rodata          inited   0x8000'0c34     0x14  fsl_adc.o [1]
      .rodata          inited   0x8000'0c48     0x48  fsl_adc.o [1]
      .rodata          inited   0x8000'0c90     0x3c  fsl_adc.o [1]
      .rodata          inited   0x8000'0ccc     0x48  fsl_adc.o [1]
      .rodata          inited   0x8000'0d14      0xc  fsl_adc.o [1]
      .rodata          inited   0x8000'0d20      0xc  fsl_adc.o [1]
      .rodata          inited   0x8000'0d2c      0x8  fsl_adc.o [1]
      .rodata          inited   0x8000'0d34     0x2c  fsl_assert.o [1]
      .rodata          inited   0x8000'0d60     0x10  fsl_clock.o [1]
      .rodata          inited   0x8000'0d70     0x4c  fsl_clock.o [1]
      .rodata          inited   0x8000'0dbc     0x10  fsl_clock.o [1]
      .rodata          inited   0x8000'0dcc      0x8  fsl_debug_console.o [1]
      .rodata          inited   0x8000'0dd4     0x64  fsl_debug_console.o [1]
      .rodata          inited   0x8000'0e38      0xc  fsl_debug_console.o [1]
      .rodata          inited   0x8000'0e44     0x28  fsl_debug_console.o [1]
      .rodata          inited   0x8000'0e6c     0x10  fsl_debug_console.o [1]
      .rodata          inited   0x8000'0e7c     0x4c  fsl_edma.o [1]
      .rodata          inited   0x8000'0ec8     0x1c  fsl_edma.o [1]
      .rodata          inited   0x8000'0ee4      0xc  fsl_edma.o [1]
      .rodata          inited   0x8000'0ef0     0x3c  fsl_enet.o [1]
      .rodata          inited   0x8000'0f2c     0x4c  fsl_enet.o [1]
      .rodata          inited   0x8000'0f78      0xc  fsl_enet.o [1]
      .rodata          inited   0x8000'0f84     0x4c  fsl_flexcan.o [1]
      .rodata          inited   0x8000'0fd0     0x18  fsl_flexcan.o [1]
      .rodata          inited   0x8000'0fe8     0x18  fsl_flexcan.o [1]
      .rodata          inited   0x8000'1000     0x18  fsl_flexcan.o [1]
      .rodata          inited   0x8000'1018     0x10  fsl_gpio.o [1]
      .rodata          inited   0x8000'1028     0x4c  fsl_gpio.o [1]
      .rodata          inited   0x8000'1074     0x3c  fsl_gpio.o [1]
      .rodata          inited   0x8000'10b0     0x4c  fsl_gpio.o [1]
      .rodata          inited   0x8000'10fc      0xc  fsl_gpio.o [1]
      .rodata          inited   0x8000'1108     0x28  fsl_gpio.o [1]
      .rodata          inited   0x8000'1130      0xc  fsl_gpio.o [1]
      .rodata          inited   0x8000'113c     0x10  fsl_gpt.o [1]
      .rodata          inited   0x8000'114c     0x4c  fsl_gpt.o [1]
      .rodata          inited   0x8000'1198     0x1c  fsl_gpt.o [1]
      .rodata          inited   0x8000'11b4     0x48  fsl_gpt.o [1]
      .rodata          inited   0x8000'11fc     0x3c  fsl_gpt.o [1]
      .rodata          inited   0x8000'1238     0x48  fsl_gpt.o [1]
      .rodata          inited   0x8000'1280     0x10  fsl_gpt.o [1]
      .rodata          inited   0x8000'1290      0xc  fsl_gpt.o [1]
      .rodata          inited   0x8000'129c      0xc  fsl_gpt.o [1]
      .rodata          inited   0x8000'12a8      0x8  fsl_gpt.o [1]
      .rodata          inited   0x8000'12b0     0x10  fsl_lpspi.o [1]
      .rodata          inited   0x8000'12c0     0x4c  fsl_lpspi.o [1]
      .rodata          inited   0x8000'130c     0x40  fsl_lpspi.o [1]
      .rodata          inited   0x8000'134c     0x4c  fsl_lpspi.o [1]
      .rodata          inited   0x8000'1398     0x10  fsl_lpspi.o [1]
      .rodata          inited   0x8000'13a8     0x14  fsl_lpspi.o [1]
      .rodata          inited   0x8000'13bc      0xc  fsl_lpspi.o [1]
      .rodata          inited   0x8000'13c8      0x8  fsl_lpspi.o [1]
      .rodata          inited   0x8000'13d0      0x8  fsl_lpspi.o [1]
      .rodata          inited   0x8000'13d8     0x14  fsl_lpspi.o [1]
      .rodata          inited   0x8000'13ec     0x14  fsl_lpspi.o [1]
      .rodata          inited   0x8000'1400     0x14  fsl_lpspi.o [1]
      .rodata          inited   0x8000'1414     0x14  fsl_lpspi.o [1]
      .rodata          inited   0x8000'1428      0x8  fsl_lpspi.o [1]
      .rodata          inited   0x8000'1430     0x14  fsl_lpspi.o [1]
      .rodata          inited   0x8000'1444      0xc  fsl_lpspi.o [1]
      .rodata          inited   0x8000'1450     0x10  fsl_lpuart.o [1]
      .rodata          inited   0x8000'1460     0x4c  fsl_lpuart.o [1]
      .rodata          inited   0x8000'14ac     0x40  fsl_lpuart.o [1]
      .rodata          inited   0x8000'14ec     0x4c  fsl_lpuart.o [1]
      .rodata          inited   0x8000'1538      0xc  fsl_lpuart.o [1]
      .rodata          inited   0x8000'1544      0xc  fsl_lpuart.o [1]
      .rodata          inited   0x8000'1550      0xc  fsl_lpuart.o [1]
      .rodata          inited   0x8000'155c     0x1c  fsl_lpuart.o [1]
      .rodata          inited   0x8000'1578     0x28  fsl_lpuart.o [1]
      .rodata          inited   0x8000'15a0     0x28  fsl_lpuart.o [1]
      .rodata          inited   0x8000'15c8     0x24  fsl_lpuart.o [1]
      .rodata          inited   0x8000'15ec     0x14  fsl_lpuart.o [1]
      .rodata          inited   0x8000'1600     0x14  fsl_lpuart.o [1]
      .rodata          inited   0x8000'1614     0x10  fsl_pit.o [1]
      .rodata          inited   0x8000'1624     0x4c  fsl_pit.o [1]
      .rodata          inited   0x8000'1670     0x3c  fsl_pit.o [1]
      .rodata          inited   0x8000'16ac     0x48  fsl_pit.o [1]
      .rodata          inited   0x8000'16f4      0xc  fsl_pit.o [1]
      .rodata          inited   0x8000'1700      0x4  fsl_pit.o [1]
      .rodata          inited   0x8000'1704     0x10  fsl_pwm.o [1]
      .rodata          inited   0x8000'1714     0x4c  fsl_pwm.o [1]
      .rodata          inited   0x8000'1760     0x3c  fsl_pwm.o [1]
      .rodata          inited   0x8000'179c     0x48  fsl_pwm.o [1]
      .rodata          inited   0x8000'17e4      0x8  fsl_pwm.o [1]
      .rodata          inited   0x8000'17ec      0xc  fsl_pwm.o [1]
      .rodata          inited   0x8000'17f8      0xc  fsl_pwm.o [1]
      .rodata          inited   0x8000'1804      0xc  fsl_pwm.o [1]
      .rodata          inited   0x8000'1810      0xc  fsl_pwm.o [1]
      .rodata          inited   0x8000'181c     0x28  fsl_pwm.o [1]
      .rodata          inited   0x8000'1844     0x1c  fsl_pwm.o [1]
      .rodata          inited   0x8000'1860     0x1c  fsl_pwm.o [1]
      .rodata          inited   0x8000'187c     0x14  fsl_pwm.o [1]
      .rodata          inited   0x8000'1890     0x28  fsl_pwm.o [1]
      .rodata          inited   0x8000'18b8     0x10  fsl_qtmr.o [1]
      .rodata          inited   0x8000'18c8     0x4c  fsl_qtmr.o [1]
      .rodata          inited   0x8000'1914     0x3c  fsl_qtmr.o [1]
      .rodata          inited   0x8000'1950     0x4c  fsl_qtmr.o [1]
      .rodata          inited   0x8000'199c      0xc  fsl_qtmr.o [1]
      .rodata          inited   0x8000'19a8     0x14  fsl_qtmr.o [1]
      .rodata          inited   0x8000'19bc      0xc  fsl_qtmr.o [1]
      .rodata          inited   0x8000'19c8     0x48  fsl_sai.o [1]
      .rodata          inited   0x8000'1a10     0x18  fsl_sai.o [1]
      .rodata          inited   0x8000'1a28     0x18  fsl_sai.o [1]
      .rodata          inited   0x8000'1a40      0xc  fsl_sdmmc_host.o [1]
      .rodata          inited   0x8000'1a4c     0x68  fsl_sdmmc_host.o [1]
      .rodata          inited   0x8000'1ab4      0xc  fsl_usdhc.o [1]
      .rodata          inited   0x8000'1ac0      0x8  lpuart_adapter.o [1]
      .rodata          inited   0x8000'1ac8     0x58  lpuart_adapter.o [1]
      .rodata          inited   0x8000'1b20      0x8  lpuart_adapter.o [1]
      .rodata          inited   0x8000'1b28     0x4c  lpuart_adapter.o [1]
      .rodata          inited   0x8000'1b74     0x28  lpuart_adapter.o [1]
      .rodata          inited   0x8000'1b9c      0x8  lpuart_adapter.o [1]
      .rodata          inited   0x8000'1ba4      0x8  lpuart_adapter.o [1]
      .rodata          inited   0x8000'1bac     0x24  lpuart_adapter.o [1]
      .rodata          inited   0x8000'1bd0      0xc  SEEKFREE_18TFT.o [1]
      .rodata          inited   0x8000'1bdc     0x50  SEEKFREE_18TFT.o [1]
      .rodata          inited   0x8000'1c2c      0xc  SEEKFREE_18TFT.o [1]
      .rodata          inited   0x8000'1c38      0xc  SEEKFREE_18TFT.o [1]
      .rodata          inited   0x8000'1c44      0xc  SEEKFREE_18TFT.o [1]
      .rodata          inited   0x8000'1c50    0x5f0  SEEKFREE_FONT.o [1]
      .rodata          inited   0x8000'2240      0xc  serial_manager.o [1]
      .rodata          inited   0x8000'224c     0x64  serial_manager.o [1]
      .rodata          inited   0x8000'22b0      0x8  serial_manager.o [1]
      .rodata          inited   0x8000'22b8      0x8  serial_manager.o [1]
      .rodata          inited   0x8000'22c0      0x8  serial_manager.o [1]
      .rodata          inited   0x8000'22c8      0xc  serial_manager.o [1]
      .rodata          inited   0x8000'22d4      0x8  serial_manager.o [1]
      .rodata          inited   0x8000'22dc     0x10  serial_manager.o [1]
      .rodata          inited   0x8000'22ec     0x10  serial_port_uart.o [1]
      .rodata          inited   0x8000'22fc     0x64  serial_port_uart.o [1]
      .rodata          inited   0x8000'2360     0x10  serial_port_uart.o [1]
      .rodata          inited   0x8000'2370      0x8  serial_port_uart.o [1]
      .rodata          inited   0x8000'2378      0x8  serial_port_uart.o [1]
      .rodata          inited   0x8000'2380     0x14  zf_adc.o [1]
      .rodata          inited   0x8000'2394     0x68  zf_adc.o [1]
      .rodata          inited   0x8000'23fc     0x48  zf_adc.o [1]
      .rodata          inited   0x8000'2444      0x8  zf_adc.o [1]
      .rodata          inited   0x8000'244c     0x10  zf_flash.o [1]
      .rodata          inited   0x8000'245c     0x48  zf_flash.o [1]
      .rodata          inited   0x8000'24a4     0x14  zf_flash.o [1]
      .rodata          inited   0x8000'24b8     0x10  zf_flash.o [1]
      .rodata          inited   0x8000'24c8      0xc  zf_gpio.o [1]
      .rodata          inited   0x8000'24d4     0x68  zf_gpio.o [1]
      .rodata          inited   0x8000'253c     0x10  zf_iomuxc.o [1]
      .rodata          inited   0x8000'254c     0x4c  zf_iomuxc.o [1]
      .rodata          inited   0x8000'2598     0x48  zf_iomuxc.o [1]
      .rodata          inited   0x8000'25e0      0xc  zf_pit.o [1]
      .rodata          inited   0x8000'25ec     0x68  zf_pit.o [1]
      .rodata          inited   0x8000'2654     0x48  zf_pwm.o [1]
      .rodata          inited   0x8000'269c     0x48  zf_qtimer.o [1]
      .rodata          inited   0x8000'26e4     0x18  zf_spi.o [1]
      .rodata          inited   0x8000'26fc     0x4c  zf_spi.o [1]
      .rodata          inited   0x8000'2748     0x48  zf_spi.o [1]
      .rodata          inited   0x8000'2790      0xc  zf_spi.o [1]
      .rodata          inited   0x8000'279c     0x1c  zf_systick.o [1]
      .rodata          inited   0x8000'27b8     0x68  zf_systick.o [1]
      .rodata          inited   0x8000'2820     0x28  zf_systick.o [1]
      .rodata          inited   0x8000'2848     0x48  zf_uart.o [1]
      .text            inited   0x8000'2890    0x128  aicar_adc.o [1]
      .text            inited   0x8000'29b8    0x192  aicar_chasu.o [1]
      .text            inited   0x8000'2b4c    0x620  aicar_element.o [1]
      .text            inited   0x8000'316c    0x66c  aicar_error.o [1]
      .text            inited   0x8000'37d8     0xac  aicar_flash.o [1]
      .text            inited   0x8000'3884    0x12c  aicar_gogogo.o [1]
      .text            inited   0x8000'39b0     0xec  aicar_hcsr04.o [1]
      .text            inited   0x8000'3a9c    0x154  aicar_key.o [1]
      .text            inited   0x8000'3bf0   0x1ba4  aicar_meau.o [1]
      .text            inited   0x8000'5794    0x720  aicar_meau_main.o [1]
      .text            inited   0x8000'5eb4    0x344  aicar_motor.o [1]
      .text            inited   0x8000'61f8    0x4e0  aicar_printf.o [1]
      .text            inited   0x8000'66d8    0x138  aicar_uart.o [1]
      .text            inited   0x8000'6810     0xfc  aicar_wireless.o [1]
      .text            inited   0x8000'690c    0x314  board.o [1]
      .text            inited   0x8000'6c20    0x6f4  clock_config.o [1]
      .text            inited   0x8000'7314     0x54  cut.o [1]
      .text            inited   0x8000'7368   0x1a04  fd_GetMid.o [1]
      .text            inited   0x8000'8d6c    0x2d0  fsl_adc.o [1]
      .text            inited   0x8000'903c     0x1c  fsl_assert.o [1]
      .text            inited   0x8000'9058     0x50  fsl_cache.o [1]
      .text            inited   0x8000'90a8    0x7b4  fsl_clock.o [1]
      .text            inited   0x8000'985c     0x20  fsl_csi.o [1]
      .text            inited   0x8000'987c    0x1f8  fsl_debug_console.o [1]
      .text            inited   0x8000'9a74    0x44c  fsl_edma.o [1]
      .text            inited   0x8000'9ec0     0xe8  fsl_enet.o [1]
      .text            inited   0x8000'9fa8     0x98  fsl_flexcan.o [1]
      .text            inited   0x8000'a040     0x64  fsl_flexio.o [1]
      .text            inited   0x8000'a0a4     0x3c  fsl_flexio_camera.o [1]
      .text            inited   0x8000'a0e0    0x212  fsl_gpio.o [1]
      .text            inited   0x8000'a2f4    0x230  fsl_gpt.o [1]
      .text            inited   0x8000'a524     0x90  fsl_lpi2c.o [1]
      .text            inited   0x8000'a5b4    0xb50  fsl_lpspi.o [1]
      .text            inited   0x8000'b104    0xa34  fsl_lpuart.o [1]
      .text            inited   0x8000'bb38    0x144  fsl_pit.o [1]
      .text            inited   0x8000'bc7c    0xaa0  fsl_pwm.o [1]
      .text            inited   0x8000'c71c    0x1c4  fsl_qtmr.o [1]
      .text            inited   0x8000'c8e0    0x138  fsl_sai.o [1]
      .text            inited   0x8000'ca18     0x50  fsl_sdmmc_event.o [1]
      .text            inited   0x8000'ca68     0xcc  fsl_sdmmc_host.o [1]
      .text            inited   0x8000'cb34     0x44  fsl_spdif.o [1]
      .text            inited   0x8000'cb78    0x964  fsl_str.o [1]
      .text            inited   0x8000'd4dc     0x30  fsl_usdhc.o [1]
      .text            inited   0x8000'd50c    0x1ac  isr.o [1]
      .text            inited   0x8000'd6b8    0x174  lpuart_adapter.o [1]
      .text            inited   0x8000'd82c    0x774  ostu.o [1]
      .text            inited   0x8000'dfa0    0x8c8  SEEKFREE_18TFT.o [1]
      .text            inited   0x8000'e868    0x1b8  SEEKFREE_ICM20602.o [1]
      .text            inited   0x8000'ea20     0x34  SEEKFREE_MT9V03X.o [1]
      .text            inited   0x8000'ea54    0x3d0  SEEKFREE_PRINTF.o [1]
      .text            inited   0x8000'ee24     0x80  SEEKFREE_WIRELESS.o [1]
      .text            inited   0x8000'eea4    0x238  serial_manager.o [1]
      .text            inited   0x8000'f0dc     0xd4  serial_port_uart.o [1]
      .text            inited   0x8000'f1b0    0x17a  usb_device_dci.o [1]
      .text            inited   0x8000'f32c    0x5e0  usb_device_ehci.o [1]
      .text            inited   0x8000'f90c    0x2bc  zf_adc.o [1]
      .text            inited   0x8000'fbc8     0x2c  zf_camera.o [1]
      .text            inited   0x8000'fbf4    0x190  zf_flash.o [1]
      .text            inited   0x8000'fd84    0x13c  zf_gpio.o [1]
      .text            inited   0x8000'fec0   0x6ab0  zf_iomuxc.o [1]
      .text            inited   0x8001'6970    0x22c  zf_pit.o [1]
      .text            inited   0x8001'6b9c    0x7e4  zf_pwm.o [1]
      .text            inited   0x8001'7380    0x768  zf_qtimer.o [1]
      .text            inited   0x8001'7ae8     0x50  zf_rom_api.o [1]
      .text            inited   0x8001'7b38    0x888  zf_spi.o [1]
      .text            inited   0x8001'83c0    0x150  zf_systick.o [1]
      .text            inited   0x8001'8510    0x488  zf_uart.o [1]
      .text            inited   0x8001'8998     0x20  zf_usb_cdc.o [1]
      .text            inited   0x8001'89b8    0x2f0  cos_sin64.o [3]
      .text            inited   0x8001'8ca8    0x274  I64DivMod.o [4]
      .text            inited   0x8001'8f1c     0x96  ABImemmove.o [4]
      .text            inited   0x8001'8fb4     0x66  ABImemset.o [4]
      .text            inited   0x8001'901c     0xa6  ABImemcpy.o [4]
      .text            inited   0x8001'90c4      0x6  ABImemclr4.o [4]
      .text            inited   0x8001'90cc     0x36  strlen.o [4]
      .text            inited   0x8001'9104     0x5c  DblToS64.o [3]
      .text            inited   0x8001'9160     0x52  S64ToDbl.o [3]
      .text            inited   0x8001'91b4     0x9e  modf.o [3]
      .text            inited   0x8001'9254    0x570  pow64.o [3]
      .text            inited   0x8001'97c4      0x2  I64DivZer.o [4]
      .text            inited   0x8001'97c8     0x32  ABImemset48.o [4]
      .text            inited   0x8001'97fc    0x368  iar_Exp64.o [3]
      .text            inited   0x8001'9b64     0x7c  frexp.o [3]
      .text            inited   0x8001'9be0     0xf0  ldexp.o [3]
      Veneer           inited   0x8001'9cd0      0x8  - Linker created -
      .text            inited   0x8001'9cd8      0xa  cexit.o [4]
      .rodata          inited   0x8001'9ce2      0x2  fsl_pit.o [1]
      .text            inited   0x8001'9ce4     0x56  aicar_init.o [1]
      .text            inited   0x8001'9d3a     0x20  aicar_servo.o [1]
      .text            inited   0x8001'9d5a     0x10  common.o [1]
      .text            inited   0x8001'9d6a      0xa  main.o [1]
      .text            inited   0x8001'9d74    0x14a  Serial_oscilloscope.o [1]
      .text            inited   0x8001'9ebe      0x8  zf_vector.o [1]
      .text            inited   0x8001'9ec6      0x8  zf_vector.o [1]
      .text            inited   0x8001'9ece      0x8  zf_vector.o [1]
      .text            inited   0x8001'9ed6      0x8  zf_vector.o [1]
      .text            inited   0x8001'9ede      0x8  zf_vector.o [1]
      .text            inited   0x8001'9ee6      0x8  zf_vector.o [1]
      .text            inited   0x8001'9eee      0x8  zf_vector.o [1]
      .text            inited   0x8001'9ef6      0x8  zf_vector.o [1]
      .text            inited   0x8001'9efe      0x8  zf_vector.o [1]
      .text            inited   0x8001'9f06      0x8  zf_vector.o [1]
      .text            inited   0x8001'9f0e      0x8  zf_vector.o [1]
      .text            inited   0x8001'9f16      0x8  zf_vector.o [1]
      .text            inited   0x8001'9f1e      0x8  zf_vector.o [1]
      .text            inited   0x8001'9f26      0x8  zf_vector.o [1]
      .text            inited   0x8001'9f2e      0x8  zf_vector.o [1]
      .text            inited   0x8001'9f36      0x8  zf_vector.o [1]
      .text            inited   0x8001'9f3e      0x8  zf_vector.o [1]
      .text            inited   0x8001'9f46      0x2  zf_vector.o [1]
      .text            inited   0x8001'9f48      0x2  zf_vector.o [1]
      .text            inited   0x8001'9f4a      0x2  zf_vector.o [1]
      .text            inited   0x8001'9f4c      0x8  zf_vector.o [1]
      .text            inited   0x8001'9f54      0x8  zf_vector.o [1]
      .text            inited   0x8001'9f5c      0x8  zf_vector.o [1]
      .text            inited   0x8001'9f64      0x8  zf_vector.o [1]
      .text            inited   0x8001'9f6c      0x8  zf_vector.o [1]
      .text            inited   0x8001'9f74      0x8  zf_vector.o [1]
      .text            inited   0x8001'9f7c      0x8  zf_vector.o [1]
      .text            inited   0x8001'9f84      0x8  zf_vector.o [1]
      .text            inited   0x8001'9f8c      0x8  zf_vector.o [1]
      .text            inited   0x8001'9f94      0x8  zf_vector.o [1]
      .text            inited   0x8001'9f9c      0x8  zf_vector.o [1]
      .text            inited   0x8001'9fa4      0x8  zf_vector.o [1]
      .text            inited   0x8001'9fac      0x8  zf_vector.o [1]
      .text            inited   0x8001'9fb4      0x8  zf_vector.o [1]
      .text            inited   0x8001'9fbc      0x8  zf_vector.o [1]
      .text            inited   0x8001'9fc4      0x8  zf_vector.o [1]
      .text            inited   0x8001'9fcc      0x8  zf_vector.o [1]
      .text            inited   0x8001'9fd4      0x8  zf_vector.o [1]
      .text            inited   0x8001'9fdc      0x2  zf_vector.o [1]
      .text            inited   0x8001'9fde      0x2  zf_vector.o [1]
      .text            inited   0x8001'9fe0      0x2  zf_vector.o [1]
      .text            inited   0x8001'9fe2      0x2  zf_vector.o [1]
      .text            inited   0x8001'9fe4      0x2  zf_vector.o [1]
      .text            inited   0x8001'9fe6      0x2  zf_vector.o [1]
      .text            inited   0x8001'9fe8      0x2  zf_vector.o [1]
      .text            inited   0x8001'9fea      0x2  zf_vector.o [1]
      .text            inited   0x8001'9fec      0x2  zf_vector.o [1]
      .text            inited   0x8001'9fee      0x2  zf_vector.o [1]
      .text            inited   0x8001'9ff0      0x2  zf_vector.o [1]
      .text            inited   0x8001'9ff2      0x2  zf_vector.o [1]
      .text            inited   0x8001'9ff4      0x2  zf_vector.o [1]
      .text            inited   0x8001'9ff6      0x2  zf_vector.o [1]
      .text            inited   0x8001'9ff8      0x2  zf_vector.o [1]
      .text            inited   0x8001'9ffa      0x2  zf_vector.o [1]
      .text            inited   0x8001'9ffc      0x2  zf_vector.o [1]
      .text            inited   0x8001'9ffe      0x8  zf_vector.o [1]
      .text            inited   0x8001'a006      0x8  zf_vector.o [1]
      .text            inited   0x8001'a00e      0x8  zf_vector.o [1]
      .text            inited   0x8001'a016      0x8  zf_vector.o [1]
      .text            inited   0x8001'a01e      0x8  zf_vector.o [1]
      .text            inited   0x8001'a026      0x2  zf_vector.o [1]
      .text            inited   0x8001'a028      0x2  zf_vector.o [1]
      .text            inited   0x8001'a02a      0x2  zf_vector.o [1]
      .text            inited   0x8001'a02c      0x2  zf_vector.o [1]
      .text            inited   0x8001'a02e      0x2  zf_vector.o [1]
      .text            inited   0x8001'a030      0x2  zf_vector.o [1]
      .text            inited   0x8001'a032      0x2  zf_vector.o [1]
      .text            inited   0x8001'a034      0x2  zf_vector.o [1]
      .text            inited   0x8001'a036      0x2  zf_vector.o [1]
      .text            inited   0x8001'a038      0x2  zf_vector.o [1]
      .text            inited   0x8001'a03a      0x2  zf_vector.o [1]
      .text            inited   0x8001'a03c      0x2  zf_vector.o [1]
      .text            inited   0x8001'a03e      0x2  zf_vector.o [1]
      .text            inited   0x8001'a040      0x2  zf_vector.o [1]
      .text            inited   0x8001'a042      0x2  zf_vector.o [1]
      .text            inited   0x8001'a044      0x2  zf_vector.o [1]
      .text            inited   0x8001'a046      0x2  zf_vector.o [1]
      .text            inited   0x8001'a048      0x2  zf_vector.o [1]
      .text            inited   0x8001'a04a      0x2  zf_vector.o [1]
      .text            inited   0x8001'a04c      0x2  zf_vector.o [1]
      .text            inited   0x8001'a04e      0x2  zf_vector.o [1]
      .text            inited   0x8001'a050      0x2  zf_vector.o [1]
      .text            inited   0x8001'a052      0x2  zf_vector.o [1]
      .text            inited   0x8001'a054      0x2  zf_vector.o [1]
      .text            inited   0x8001'a056      0x2  zf_vector.o [1]
      .text            inited   0x8001'a058      0x2  zf_vector.o [1]
      .text            inited   0x8001'a05a      0x8  zf_vector.o [1]
      .text            inited   0x8001'a062      0x8  zf_vector.o [1]
      .text            inited   0x8001'a06a      0x2  zf_vector.o [1]
      .text            inited   0x8001'a06c      0x2  zf_vector.o [1]
      .text            inited   0x8001'a06e      0x2  zf_vector.o [1]
      .text            inited   0x8001'a070      0x2  zf_vector.o [1]
      .text            inited   0x8001'a072      0x2  zf_vector.o [1]
      .text            inited   0x8001'a074      0x2  zf_vector.o [1]
      .text            inited   0x8001'a076      0x2  zf_vector.o [1]
      .text            inited   0x8001'a078      0x2  zf_vector.o [1]
      .text            inited   0x8001'a07a      0x2  zf_vector.o [1]
      .text            inited   0x8001'a07c      0x2  zf_vector.o [1]
      .text            inited   0x8001'a07e      0x2  zf_vector.o [1]
      .text            inited   0x8001'a080      0x2  zf_vector.o [1]
      .text            inited   0x8001'a082      0x2  zf_vector.o [1]
      .text            inited   0x8001'a084      0x2  zf_vector.o [1]
      .text            inited   0x8001'a086      0x2  zf_vector.o [1]
      .text            inited   0x8001'a088      0x8  zf_vector.o [1]
      .text            inited   0x8001'a090      0x8  zf_vector.o [1]
      .text            inited   0x8001'a098      0x2  zf_vector.o [1]
      .text            inited   0x8001'a09a      0x8  zf_vector.o [1]
      .text            inited   0x8001'a0a2      0x8  zf_vector.o [1]
      .text            inited   0x8001'a0aa      0x8  zf_vector.o [1]
      .text            inited   0x8001'a0b2      0x2  zf_vector.o [1]
      .text            inited   0x8001'a0b4      0x2  zf_vector.o [1]
      .text            inited   0x8001'a0b6      0x2  zf_vector.o [1]
      .text            inited   0x8001'a0b8      0x2  zf_vector.o [1]
      .text            inited   0x8001'a0ba      0x2  zf_vector.o [1]
      .text            inited   0x8001'a0bc      0x2  zf_vector.o [1]
      .text            inited   0x8001'a0be      0x2  zf_vector.o [1]
      .text            inited   0x8001'a0c0      0x2  zf_vector.o [1]
      .text            inited   0x8001'a0c2      0x2  zf_vector.o [1]
      .text            inited   0x8001'a0c4      0x2  zf_vector.o [1]
      .text            inited   0x8001'a0c6      0x2  zf_vector.o [1]
      .text            inited   0x8001'a0c8      0x2  zf_vector.o [1]
      .text            inited   0x8001'a0ca      0x2  zf_vector.o [1]
      .text            inited   0x8001'a0cc      0x2  zf_vector.o [1]
      .text            inited   0x8001'a0ce      0x2  zf_vector.o [1]
      .text            inited   0x8001'a0d0      0x2  zf_vector.o [1]
      .text            inited   0x8001'a0d2      0x2  zf_vector.o [1]
      .text            inited   0x8001'a0d4      0x2  zf_vector.o [1]
      .text            inited   0x8001'a0d6      0x2  zf_vector.o [1]
      .text            inited   0x8001'a0d8      0x2  zf_vector.o [1]
      .text            inited   0x8001'a0da      0x2  zf_vector.o [1]
      .text            inited   0x8001'a0dc      0x2  zf_vector.o [1]
      .text            inited   0x8001'a0de      0x2  zf_vector.o [1]
      .text            inited   0x8001'a0e0      0x2  zf_vector.o [1]
      .text            inited   0x8001'a0e2      0x2  zf_vector.o [1]
      .text            inited   0x8001'a0e4      0x2  zf_vector.o [1]
      .text            inited   0x8001'a0e6      0x2  zf_vector.o [1]
      .text            inited   0x8001'a0e8      0x2  zf_vector.o [1]
      .text            inited   0x8001'a0ea      0x2  zf_vector.o [1]
      .text            inited   0x8001'a0ec      0x2  zf_vector.o [1]
      .text            inited   0x8001'a0ee      0x2  zf_vector.o [1]
      .text            inited   0x8001'a0f0      0x2  zf_vector.o [1]
      .text            inited   0x8001'a0f2      0x2  zf_vector.o [1]
      .text            inited   0x8001'a0f4      0x2  zf_vector.o [1]
      .text            inited   0x8001'a0f6      0x2  zf_vector.o [1]
      .text            inited   0x8001'a0f8      0x8  zf_vector.o [1]
      .text            inited   0x8001'a100      0x8  zf_vector.o [1]
      .text            inited   0x8001'a108      0x8  zf_vector.o [1]
      .text            inited   0x8001'a110      0x2  zf_vector.o [1]
      .text            inited   0x8001'a112      0x8  zf_vector.o [1]
      .text            inited   0x8001'a11a      0x2  zf_vector.o [1]
      .text            inited   0x8001'a11c      0x2  zf_vector.o [1]
      .text            inited   0x8001'a11e      0x2  zf_vector.o [1]
      .text            inited   0x8001'a120      0x2  zf_vector.o [1]
      .text            inited   0x8001'a122      0x2  zf_vector.o [1]
      .text            inited   0x8001'a124      0x4  exit.o [2]
                              - 0x8001'a128  0x19d28

Unused ranges:

         From           To        Size
         ----           --        ----
  0x2000'00c2  0x2000'00df        0x1e
  0x2000'3658  0x2006'efff    0x6'b9a8
  0x7001'1757  0x703f'ffff   0x3e'e8a9
  0x8000'0000  0x8000'03ff       0x400
  0x8001'a128  0x81df'ffff  0x1de'5ed8


*******************************************************************************
*** INIT TABLE
***

          Address      Size
          -------      ----
Zero (__iar_zero_init3)
    1 destination range, total size 0x3578:
          0x2000'00e0   0x3578

Copy/lz77 (__iar_lz77_init3)
    1 source range, total size 0xed66 (57% of destination):
          0x7000'2952   0xed66
    1 destination range, total size 0x19d28:
          0x8000'0400  0x19d28

Copy/lz77 (__iar_lz77_init3)
    1 source range, total size 0x9f (81% of destination):
          0x7001'16b8     0x9f
    1 destination range, total size 0xc2:
          0x2000'0000     0xc2



*******************************************************************************
*** MODULE SUMMARY
***

    Module                              ro code  rw code  ro data  rw data
    ------                              -------  -------  -------  -------
command line/config:
    ----------------------------------------------------------------------
    Total:

D:\14_gitee_store\medicine_car\Project\IAR\program\nor_sdram_zf_dtcm\Obj: [1]
    SEEKFREE_18TFT.o                               2 248    1 365      128
    SEEKFREE_FONT.o                                           873    1 520
    SEEKFREE_ICM20602.o                              440      253       12
    SEEKFREE_MT9V03X.o                                52       30
    SEEKFREE_MT9V03X_CSI.o                                               5
    SEEKFREE_PRINTF.o                                976      561
    SEEKFREE_WIRELESS.o                              128       73       57
    Serial_oscilloscope.o                            330      189
    aicar_adc.o                                      296      170       44
    aicar_chasu.o                                    402      231
    aicar_element.o                                1 568      986      145
    aicar_error.o                                  1 644      945       10
    aicar_flash.o                                    172       98       21
    aicar_gogogo.o                                   300      173
    aicar_hcsr04.o                                   236      135       12
    aicar_init.o                                      86       59      118
    aicar_key.o                                      340      199       14
    aicar_meau.o                                   7 076    4 172      184
    aicar_meau_main.o                              1 824    1 053       12
    aicar_motor.o                                    836      480      102
    aicar_printf.o                                 1 248      995      484
    aicar_servo.o                                     32       19
    aicar_uart.o                                     312      179       68
    aicar_wireless.o                                 252      145        9
    board.o                                          788      453
    clock_config.o                                 1 780    1 095      124
    common.o                                          16        9        4
    cut.o                                             84       48
    evkmimxrt1064_flexspi_nor_config.o                        512
    evkmimxrt1064_sdram_ini_dcd.o                           1 072
    fd_GetMid.o                                    6 660    3 848   12 162
    fsl_adc.o                                        720      614      348
    fsl_assert.o                                      28       42       44
    fsl_cache.o                                       80       46
    fsl_clock.o                                    1 972    1 195      116
    fsl_csi.o                                         32       18        8
    fsl_debug_console.o                              504      391      208
    fsl_edma.o                                     1 100      698      244
    fsl_enet.o                                       232      218      176
    fsl_flexcan.o                                    152      172      168
    fsl_flexio.o                                     100       58       24
    fsl_flexio_camera.o                               60       34
    fsl_flexspi_nor_boot.o                                     48
    fsl_gpio.o                                       530      473      292
    fsl_gpt.o                                        560      537      372
    fsl_lpi2c.o                                      144       83       48
    fsl_lpspi.o                                    2 896    1 903      452
    fsl_lpuart.o                                   2 612    1 760      492
    fsl_pit.o                                        324      326      242
    fsl_pwm.o                                      2 720    1 812      436
    fsl_qtmr.o                                       452      416      272
    fsl_sai.o                                        312      248      160
    fsl_sdmmc_event.o                                 80       46       12
    fsl_sdmmc_host.o                                 204      185      157
    fsl_spdif.o                                       68       39       16
    fsl_str.o                                      2 404    1 381
    fsl_usdhc.o                                       48       35       28
    isr.o                                            428      246
    lpuart_adapter.o                                 372      369      272
    main.o                                            10        6
    ostu.o                                         1 908    1 097
    serial_manager.o                                 568      426      172
    serial_port_uart.o                               212      207      148
    startup_MIMXRT1064.o                    108
    system_MIMXRT1064.o                     394                 3        4
    usb_device_dci.o                                 378      217
    usb_device_ehci.o                              1 504      865
    zf_adc.o                                         700      529      216
    zf_camera.o                                       44       26       28
    zf_flash.o                                       400      304      640
[...]
g_lpspiDummyData        0x2000'3328     0x8  Data  Gb  fsl_lpspi.o [1]
g_rtcXtalFreq           0x2000'31e8     0x4  Data  Gb  fsl_clock.o [1]
g_serialHandle          0x2000'3210     0x4  Data  Gb  fsl_debug_console.o [1]
g_usdhcHandle           0x2000'338c    0x28  Data  Gb  fsl_sdmmc_host.o [1]
g_xtalFreq              0x2000'31e4     0x4  Data  Gb  fsl_clock.o [1]
garage_turn_in          0x2000'0094     0x4  Data  Gb  aicar_element.o [1]
get_icm20602_accdata_spi
                        0x8000'e97f    0x42  Code  Gb  SEEKFREE_ICM20602.o [1]
get_icm20602_gyro_spi   0x8000'e9c1    0x42  Code  Gb  SEEKFREE_ICM20602.o [1]
get_ostu_thres          0x8000'd82d   0x70a  Code  Gb  ostu.o [1]
get_slave_data          0x8000'6705    0x48  Code  Gb  aicar_uart.o [1]
go_status               0x8000'5bbd   0x18a  Code  Gb  aicar_meau_main.o [1]
gogogo_1                0x8000'3d39   0x44a  Code  Gb  aicar_meau.o [1]
gogogo_2                0x8000'4183   0x618  Code  Gb  aicar_meau.o [1]
gogogo_4                0x8000'47f1   0x6e4  Code  Gb  aicar_meau.o [1]
gogogo_stop             0x8000'2edd     0x2  Code  Gb  aicar_element.o [1]
gpio_get                0x8000'fe95    0x1e  Code  Gb  zf_gpio.o [1]
gpio_init               0x8000'fde7    0x6c  Code  Gb  zf_gpio.o [1]
gpio_set                0x8000'fe53    0x42  Code  Gb  zf_gpio.o [1]
gpt_init                0x8001'8445    0x36  Code  Gb  zf_systick.o [1]
gpt_init_flag           0x2000'3644     0x1  Data  Lc  zf_systick.o [1]
hcsr04_init             0x8000'39b1    0x20  Code  Gb  aicar_hcsr04.o [1]
hcsr04_wait             0x8000'39d1    0xb4  Code  Gb  aicar_hcsr04.o [1]
hd_in                   0x2000'00b6     0x1  Data  Gb  aicar_element.o [1]
hd_in_delay             0x2000'00b8     0x1  Data  Gb  aicar_element.o [1]
hd_out                  0x2000'00b7     0x1  Data  Gb  aicar_element.o [1]
hd_out_delay            0x2000'00b9     0x1  Data  Gb  aicar_element.o [1]
hd_turn                 0x2000'010f     0x1  Data  Gb  aicar_element.o [1]
huandao_wait_banma      0x2000'01b7     0x1  Data  Gb  aicar_meau.o [1]
icm20602_init_spi       0x8000'e8fb    0x84  Code  Gb  SEEKFREE_ICM20602.o [1]
icm20602_self3_check    0x8000'e8d9    0x22  Code  Gb  SEEKFREE_ICM20602.o [1]
icm_acc_x               0x2000'33de     0x2  Data  Gb  SEEKFREE_ICM20602.o [1]
icm_acc_y               0x2000'33e0     0x2  Data  Gb  SEEKFREE_ICM20602.o [1]
icm_acc_z               0x2000'33e2     0x2  Data  Gb  SEEKFREE_ICM20602.o [1]
icm_gyro_x              0x2000'33d8     0x2  Data  Gb  SEEKFREE_ICM20602.o [1]
icm_gyro_y              0x2000'33da     0x2  Data  Gb  SEEKFREE_ICM20602.o [1]
icm_gyro_z              0x2000'33dc     0x2  Data  Gb  SEEKFREE_ICM20602.o [1]
icm_spi_r_reg_byte      0x8000'e88d    0x2e  Code  Gb  SEEKFREE_ICM20602.o [1]
icm_spi_r_reg_bytes     0x8000'e8bb    0x1e  Code  Gb  SEEKFREE_ICM20602.o [1]
icm_spi_w_reg_byte      0x8000'e869    0x24  Code  Gb  SEEKFREE_ICM20602.o [1]
image_vector_table      0x7000'1000    0x20  Data  Gb  fsl_flexspi_nor_boot.o [1]
img                     0x2000'0280  0x24b8  Data  Gb  fd_GetMid.o [1]
init                    0x8000'7369    0xe8  Code  Gb  fd_GetMid.o [1]
instance                0x2000'00a8     0x4  Data  Gb  zf_flash.o [1]
iomuxc_pinconf          0x8000'ff4d  0x694c  Code  Gb  zf_iomuxc.o [1]
kd_ad                   0x2000'0100     0x4  Data  Gb  aicar_adc.o [1]
kd_cam                  0x2000'0118     0x4  Data  Gb  aicar_error.o [1]
kd_l                    0x2000'01c4     0x4  Data  Gb  aicar_motor.o [1]
kd_r                    0x2000'01d0     0x4  Data  Gb  aicar_motor.o [1]
key1_flag               0x2000'01b2     0x1  Data  Gb  aicar_key.o [1]
key1_last_status        0x2000'01ae     0x1  Data  Gb  aicar_key.o [1]
key1_status             0x2000'00ba     0x1  Data  Gb  aicar_key.o [1]
key2_flag               0x2000'01b3     0x1  Data  Gb  aicar_key.o [1]
key2_last_status        0x2000'01af     0x1  Data  Gb  aicar_key.o [1]
key2_status             0x2000'00bb     0x1  Data  Gb  aicar_key.o [1]
key3_flag               0x2000'01b4     0x1  Data  Gb  aicar_key.o [1]
key3_last_status        0x2000'01b0     0x1  Data  Gb  aicar_key.o [1]
key3_status             0x2000'00bc     0x1  Data  Gb  aicar_key.o [1]
key4_flag               0x2000'01b5     0x1  Data  Gb  aicar_key.o [1]
key4_last_status        0x2000'01b1     0x1  Data  Gb  aicar_key.o [1]
key4_status             0x2000'00bd     0x1  Data  Gb  aicar_key.o [1]
ki_l                    0x2000'01c0     0x4  Data  Gb  aicar_motor.o [1]
ki_r                    0x2000'01cc     0x4  Data  Gb  aicar_motor.o [1]
kp_ad                   0x2000'00fc     0x4  Data  Gb  aicar_adc.o [1]
kp_cam                  0x2000'0114     0x4  Data  Gb  aicar_error.o [1]
kp_l                    0x2000'01bc     0x4  Data  Gb  aicar_motor.o [1]
kp_r                    0x2000'01c8     0x4  Data  Gb  aicar_motor.o [1]
lasttime_ad             0x2000'00f0     0x4  Data  Gb  aicar_adc.o [1]
lasttime_cam            0x2000'00f4     0x4  Data  Gb  aicar_adc.o [1]
lcd_clear               0x8000'e0c5    0x38  Code  Gb  SEEKFREE_18TFT.o [1]
lcd_init                0x8000'e0fd   0x280  Code  Gb  SEEKFREE_18TFT.o [1]
lcd_set_region          0x8000'e017    0xae  Code  Gb  SEEKFREE_18TFT.o [1]
lcd_showchar            0x8000'e37d    0x86  Code  Gb  SEEKFREE_18TFT.o [1]
lcd_showfloat           0x8000'e765    0xd6  Code  Gb  SEEKFREE_18TFT.o [1]
lcd_showint16           0x8000'e559    0xdc  Code  Gb  SEEKFREE_18TFT.o [1]
lcd_showint32           0x8000'e6e1    0x80  Code  Gb  SEEKFREE_18TFT.o [1]
lcd_showint8            0x8000'e439    0xa8  Code  Gb  SEEKFREE_18TFT.o [1]
lcd_showstr             0x8000'e403    0x36  Code  Gb  SEEKFREE_18TFT.o [1]
lcd_showuint16          0x8000'e635    0xac  Code  Gb  SEEKFREE_18TFT.o [1]
lcd_showuint8           0x8000'e4e1    0x78  Code  Gb  SEEKFREE_18TFT.o [1]
lcd_writeData           0x8000'dfc3    0x22  Code  Gb  SEEKFREE_18TFT.o [1]
lcd_writeIndex          0x8000'dfa1    0x22  Code  Gb  SEEKFREE_18TFT.o [1]
lcd_writedata_16bit     0x8000'dfe5    0x32  Code  Gb  SEEKFREE_18TFT.o [1]
ldexp                   0x8001'9be1          Code  Gb  ldexp.o [3]
ldexpl                  0x8001'9be1          Code  Gb  ldexp.o [3]
led_all_init            0x8000'2edf    0x2c  Code  Gb  aicar_element.o [1]
led_green_off           0x8000'2f2f     0xc  Code  Gb  aicar_element.o [1]
led_green_on            0x8000'2f17     0xc  Code  Gb  aicar_element.o [1]
led_red_off             0x8000'2f23     0xc  Code  Gb  aicar_element.o [1]
led_red_on              0x8000'2f0b     0xc  Code  Gb  aicar_element.o [1]
left_motor              0x2000'0148     0x2  Data  Gb  aicar_init.o [1]
lnbias                  0x8000'0400   0x420  Data  Lc  pow64.o [3]
m_boot_hdr_conf_start {Abs}
                        0x7000'0000          Data  Gb  <internal module>
magic_data              0x2000'0170     0x8  Data  Gb  aicar_init.o [1]
magic_mode              0x2000'0141     0x1  Data  Gb  aicar_init.o [1]
main                    0x8001'9d6b     0xa  Code  Gb  main.o [1]
meau_garage_mode        0x2000'01b8     0x1  Data  Gb  aicar_meau_main.o [1]
meau_run_mode           0x2000'00be     0x1  Data  Gb  aicar_meau_main.o [1]
mid                     0x2000'3150    0x64  Data  Gb  fd_GetMid.o [1]
modf                    0x8001'91b5          Code  Gb  modf.o [3]
modfl                   0x8001'91b5          Code  Gb  modf.o [3]
mt9v03x_csi_finish_flag
                        0x2000'33e8     0x1  Data  Gb  SEEKFREE_MT9V03X_CSI.o [1]
mt9v03x_csi_image       0x2000'33e4     0x4  Data  Gb  SEEKFREE_MT9V03X_CSI.o [1]
mt9v03x_vsync           0x8000'ea35    0x16  Code  Gb  SEEKFREE_MT9V03X.o [1]
number_conversion_ascii
                        0x8000'ea55    0x84  Code  Gb  SEEKFREE_PRINTF.o [1]
number_ready            0x2000'01a0     0x1  Data  Gb  aicar_init.o [1]
para_huandao            0x8000'56e9    0x7c  Code  Gb  aicar_meau.o [1]
pit_close               0x8001'6b6d    0x1e  Code  Gb  zf_pit.o [1]
pit_get                 0x8001'6b33    0x3a  Code  Gb  zf_pit.o [1]
pit_init                0x8001'6aa7    0x22  Code  Gb  zf_pit.o [1]
pit_interrupt           0x8001'6ac9    0x3e  Code  Gb  zf_pit.o [1]
pit_start               0x8001'6b07    0x2c  Code  Gb  zf_pit.o [1]
pix_img                 0x2000'2738   0x3e0  Data  Gb  fd_GetMid.o [1]
pointer_arrow           0x2000'01ba     0x1  Data  Gb  aicar_meau_main.o [1]
pointer_page            0x2000'01b9     0x1  Data  Gb  aicar_meau_main.o [1]
pow                     0x8001'97c1     0x4  Code  Gb  pow64.o [3]
powl                    0x8001'97c1     0x4  Code  Gb  pow64.o [3]
print_debug             0x8000'64dd    0x68  Code  Gb  aicar_printf.o [1]
print_gogogo            0x8000'657b    0x22  Code  Gb  aicar_printf.o [1]
print_main              0x8000'64af    0x2c  Code  Gb  aicar_printf.o [1]
print_ourteam           0x8000'659d    0x22  Code  Gb  aicar_printf.o [1]
print_parameter         0x8000'6545    0x36  Code  Gb  aicar_printf.o [1]
printf_reverse_order    0x8000'ead9    0x24  Code  Gb  SEEKFREE_PRINTF.o [1]
pwm_duty                0x8001'72df    0x94  Code  Gb  zf_pwm.o [1]
pwm_init                0x8001'70f1   0x1ee  Code  Gb  zf_pwm.o [1]
pwm_iomuxc              0x8001'6be9   0x508  Code  Gb  zf_pwm.o [1]
qspiflash_config        0x7000'0000   0x200  Data  Gb  evkmimxrt1064_flexspi_nor_config.o [1]
qtimer_iomuxc           0x8001'73b1   0x628  Code  Gb  zf_qtimer.o [1]
qtimer_quad_clear       0x8001'7aab    0x30  Code  Gb  zf_qtimer.o [1]
qtimer_quad_get         0x8001'7a7b    0x30  Code  Gb  zf_qtimer.o [1]
qtimer_quad_init        0x8001'79d9    0xa2  Code  Gb  zf_qtimer.o [1]
realspeed_l             0x2000'01f4     0x4  Data  Gb  aicar_motor.o [1]
realspeed_r             0x2000'01f8     0x4  Data  Gb  aicar_motor.o [1]
right_motor             0x2000'014a     0x2  Data  Gb  aicar_init.o [1]
rom_api_entry           0x2000'3640     0x4  Data  Lc  zf_rom_api.o [1]
rom_api_flexspi_nor_flash_erase
                        0x8001'7b0f    0x26  Code  Gb  zf_rom_api.o [1]
rom_api_flexspi_nor_flash_page_program
                        0x8001'7ae9    0x26  Code  Gb  zf_rom_api.o [1]
s_EDMAHandle            0x2000'3214    0x80  Data  Lc  fsl_edma.o [1]
s_ENETHandle            0x2000'3294     0xc  Data  Lc  fsl_enet.o [1]
s_FlexioCameraDevice    0x2000'3424    0x1c  Data  Lc  zf_camera.o [1]
s_LpuartAdapterBase     0x8000'1bac    0x24  Data  Lc  lpuart_adapter.o [1]
s_adcBases              0x8000'0d20     0xc  Data  Lc  fsl_adc.o [1]
s_adcClocks             0x8000'0d2c     0x8  Data  Lc  fsl_adc.o [1]
s_baudratePrescaler     0x8000'1428     0x8  Data  Lc  fsl_lpspi.o [1]
s_cdcVcom               0x2000'3648    0x10  Data  Gb  zf_usb_cdc.o [1]
s_csiHandle             0x2000'31ec     0x4  Data  Lc  fsl_csi.o [1]
s_csiIsr                0x2000'31f0     0x4  Data  Lc  fsl_csi.o [1]
s_debugConsoleState     0x2000'31f4    0x1c  Data  Lc  fsl_debug_console.o [1]
s_enetBases             0x8000'0f78     0xc  Data  Lc  fsl_enet.o [1]
s_enetErrIsr            0x2000'32a8     0x4  Data  Lc  fsl_enet.o [1]
s_enetRxIsr             0x2000'32a4     0x4  Data  Lc  fsl_enet.o [1]
s_enetTsIsr             0x2000'32ac     0x4  Data  Lc  fsl_enet.o [1]
s_enetTxIsr             0x2000'32a0     0x4  Data  Lc  fsl_enet.o [1]
s_flexcanHandle         0x2000'32b0    0x10  Data  Lc  fsl_flexcan.o [1]
s_flexcanIsr            0x2000'32c0     0x4  Data  Lc  fsl_flexcan.o [1]
s_flexioHandle          0x2000'32c4     0x8  Data  Lc  fsl_flexio.o [1]
s_flexioIsr             0x2000'32d4     0x8  Data  Lc  fsl_flexio.o [1]
s_flexioType            0x2000'32cc     0x8  Data  Lc  fsl_flexio.o [1]
s_gpioBases             0x8000'1108    0x28  Data  Lc  fsl_gpio.o [1]
s_gpioClock             0x8000'1130     0xc  Data  Lc  fsl_gpio.o [1]
s_gptBases              0x8000'129c     0xc  Data  Lc  fsl_gpt.o [1]
s_gptClocks             0x8000'12a8     0x8  Data  Lc  fsl_gpt.o [1]
s_lpi2cMasterHandle     0x2000'32e0    0x14  Data  Lc  fsl_lpi2c.o [1]
s_lpi2cMasterIsr        0x2000'32dc     0x4  Data  Lc  fsl_lpi2c.o [1]
s_lpi2cSlaveHandle      0x2000'32f8    0x14  Data  Lc  fsl_lpi2c.o [1]
s_lpi2cSlaveIsr         0x2000'32f4     0x4  Data  Lc  fsl_lpi2c.o [1]
s_lpspiBases            0x8000'1430    0x14  Data  Lc  fsl_lpspi.o [1]
s_lpspiClocks           0x8000'1444     0xc  Data  Lc  fsl_lpspi.o [1]
s_lpspiHandle           0x2000'330c    0x14  Data  Lc  fsl_lpspi.o [1]
s_lpspiMasterIsr        0x2000'3320     0x4  Data  Lc  fsl_lpspi.o [1]
s_lpspiSlaveIsr         0x2000'3324     0x4  Data  Lc  fsl_lpspi.o [1]
s_lpuartBases           0x8000'15c8    0x24  Data  Lc  fsl_lpuart.o [1]
s_lpuartClock           0x8000'1600    0x14  Data  Lc  fsl_lpuart.o [1]
s_lpuartHandle          0x2000'3330    0x24  Data  Lc  fsl_lpuart.o [1]
s_lpuartIRQ             0x8000'15ec    0x14  Data  Lc  fsl_lpuart.o [1]
s_lpuartIsr             0x2000'3354     0x4  Data  Lc  fsl_lpuart.o [1]
s_pitBases              0x8000'1700     0x4  Data  Lc  fsl_pit.o [1]
s_pitClocks             0x8001'9ce2     0x2  Data  Lc  fsl_pit.o [1]
s_pwmBases              0x8000'187c    0x14  Data  Lc  fsl_pwm.o [1]
s_pwmClocks             0x8000'1890    0x28  Data  Lc  fsl_pwm.o [1]
s_qtmrBases             0x8000'19a8    0x14  Data  Lc  fsl_qtmr.o [1]
s_qtmrClocks            0x8000'19bc     0xc  Data  Lc  fsl_qtmr.o [1]
s_saiHandle             0x2000'3358    0x20  Data  Lc  fsl_sai.o [1]
s_saiRxIsr              0x2000'337c     0x4  Data  Lc  fsl_sai.o [1]
s_saiTxIsr              0x2000'3378     0x4  Data  Lc  fsl_sai.o [1]
s_sdInsertedFlag        0x2000'33b4     0x1  Data  Lc  fsl_sdmmc_host.o [1]
s_spdifHandle           0x2000'33b8     0x8  Data  Lc  fsl_spdif.o [1]
s_spdifRxIsr            0x2000'33c4     0x4  Data  Lc  fsl_spdif.o [1]
s_spdifTxIsr            0x2000'33c0     0x4  Data  Lc  fsl_spdif.o [1]
s_usdhcBase             0x8000'1ab4     0xc  Data  Lc  fsl_usdhc.o [1]
s_usdhcHandle           0x2000'33c8     0xc  Data  Lc  fsl_usdhc.o [1]
s_usdhcIsr              0x2000'33d4     0x4  Data  Lc  fsl_usdhc.o [1]
sancha_already          0x2000'010e     0x1  Data  Gb  aicar_element.o [1]
sancha_stop             0x8000'2d55   0x160  Code  Gb  aicar_element.o [1]
sancha_wait_banma       0x2000'01b6     0x1  Data  Gb  aicar_meau.o [1]
sancha_wait_in          0x2000'00ae     0x2  Data  Gb  aicar_meau.o [1]
scalbln                 0x8001'9be1          Code  Gb  ldexp.o [3]
scalblnl                0x8001'9be1          Code  Gb  ldexp.o [3]
scalbn                  0x8001'9be1          Code  Gb  ldexp.o [3]
scalbnl                 0x8001'9be1          Code  Gb  ldexp.o [3]
seekfree_wireless_init  0x8000'ee4b    0x4a  Code  Gb  SEEKFREE_WIRELESS.o [1]
servo_angle             0x2000'010c     0x2  Data  Gb  aicar_adc.o [1]
servo_duty              0x2000'0154     0x4  Data  Gb  aicar_init.o [1]
servo_l_turn            0x8000'2d09    0x26  Code  Gb  aicar_element.o [1]
servo_r_turn            0x8000'2d2f    0x26  Code  Gb  aicar_element.o [1]
servo_turn_in           0x2000'00ac     0x2  Data  Gb  aicar_element.o [1]
show_arrow              0x8000'3cf1    0x3e  Code  Gb  aicar_meau.o [1]
show_page               0x8000'3bf1   0x100  Code  Gb  aicar_meau.o [1]
sin                     0x8001'8ca5     0x4  Code  Gb  cos_sin64.o [3]
sinl                    0x8001'8ca5     0x4  Code  Gb  cos_sin64.o [3]
speed_1                 0x2000'01d8     0xc  Data  Gb  aicar_motor.o [1]
speed_2                 0x2000'01e4     0xc  Data  Gb  aicar_motor.o [1]
speed_error1            0x2000'0204     0x4  Data  Gb  aicar_motor.o [1]
speed_error2            0x2000'0214     0x4  Data  Gb  aicar_motor.o [1]
speed_error_last1       0x2000'0208     0x4  Data  Gb  aicar_motor.o [1]
speed_error_last2       0x2000'0218     0x4  Data  Gb  aicar_motor.o [1]
speed_error_last_last1  0x2000'020c     0x4  Data  Gb  aicar_motor.o [1]
speed_error_last_last2  0x2000'021c     0x4  Data  Gb  aicar_motor.o [1]
speed_now_filter1       0x2000'01fc     0x4  Data  Gb  aicar_motor.o [1]
speed_now_filter2       0x2000'0200     0x4  Data  Gb  aicar_motor.o [1]
speed_out1              0x2000'0210     0x4  Data  Gb  aicar_motor.o [1]
speed_out2              0x2000'0220     0x4  Data  Gb  aicar_motor.o [1]
speed_sum1              0x2000'01f0     0x2  Data  Gb  aicar_motor.o [1]
speed_sum2              0x2000'01f2     0x2  Data  Gb  aicar_motor.o [1]
spi_init                0x8001'8199   0x174  Code  Gb  zf_spi.o [1]
spi_iomuxc              0x8001'7c69   0x52c  Code  Gb  zf_spi.o [1]
spi_mosi                0x8001'830d    0x86  Code  Gb  zf_spi.o [1]
status                  0x2000'0130     0x1  Data  Gb  aicar_flash.o [1]
stop_cnt                0x2000'0142     0x2  Data  Gb  aicar_init.o [1]
strlen                  0x8001'90cd          Code  Gb  strlen.o [4]
sum_encoder1            0x2000'0160     0x8  Data  Gb  aicar_init.o [1]
sum_encoder2            0x2000'0168     0x8  Data  Gb  aicar_init.o [1]
sumincd                 0x2000'31c0     0x8  Data  Gb  fd_GetMid.o [1]
sw1_status              0x2000'01ac     0x1  Data  Gb  aicar_key.o [1]
sw2_status              0x2000'01ad     0x1  Data  Gb  aicar_key.o [1]
systick_delay           0x8001'847b    0x36  Code  Gb  zf_systick.o [1]
systick_delay_ms        0x8001'84b1    0x24  Code  Gb  zf_systick.o [1]
systick_getval          0x8001'84f1     0xa  Code  Gb  zf_systick.o [1]
systick_start           0x8001'84d5    0x1c  Code  Gb  zf_systick.o [1]
temp1                   0x2000'027c     0x1  Data  Gb  fd_GetMid.o [1]
temp2                   0x2000'027d     0x1  Data  Gb  fd_GetMid.o [1]
temp_buff               0x2000'0224     0x8  Data  Gb  aicar_uart.o [1]
tft_ascii               0x8000'1c50   0x5f0  Data  Gb  SEEKFREE_FONT.o [1]
turn_around             0x8000'2f3b    0x88  Code  Gb  aicar_element.o [1]
turn_around_sum         0x2000'0098     0x4  Data  Gb  aicar_init.o [1]
turn_l_90               0x8000'2fd1    0x88  Code  Gb  aicar_element.o [1]
turn_l_90_sum           0x2000'009c     0x4  Data  Gb  aicar_init.o [1]
turn_r_90               0x8000'305d    0x88  Code  Gb  aicar_element.o [1]
turn_r_90_sum           0x2000'00a0     0x4  Data  Gb  aicar_init.o [1]
turn_sum                0x2000'0158     0x8  Data  Gb  aicar_init.o [1]
uart_flag               0x2000'022c     0x1  Data  Gb  aicar_uart.o [1]
uart_init               0x8001'8867    0x6e  Code  Gb  zf_uart.o [1]
uart_iomuxc             0x8001'8519   0x34e  Code  Gb  zf_uart.o [1]
uart_num                0x2000'0268     0x1  Data  Gb  aicar_uart.o [1]
uart_putbuff            0x8001'88fd    0x1c  Code  Gb  zf_uart.o [1]
uart_putchar            0x8001'88d5    0x28  Code  Gb  zf_uart.o [1]
uart_rx_irq             0x8001'8919    0x36  Code  Gb  zf_uart.o [1]
uart_send               0x2000'0110     0x1  Data  Gb  aicar_element.o [1]
uart_set_handle         0x8001'894f    0x3c  Code  Gb  zf_uart.o [1]
up_status               0x8000'5805   0x1ce  Code  Gb  aicar_meau_main.o [1]
use_time                0x2000'0144     0x2  Data  Gb  aicar_init.o [1]
wait_time               0x2000'0134     0x4  Data  Gb  aicar_hcsr04.o [1]
wireless_g_lpuartHandle
                        0x2000'33f4    0x30  Data  Gb  SEEKFREE_WIRELESS.o [1]
wireless_receivexfer    0x2000'33ec     0x8  Data  Gb  SEEKFREE_WIRELESS.o [1]
wireless_rx_buffer      0x2000'33e9     0x1  Data  Gb  SEEKFREE_WIRELESS.o [1]
wireless_uart_callback  0x8000'ee25    0x26  Code  Gb  SEEKFREE_WIRELESS.o [1]
write_buf               0x2000'011c    0x14  Data  Gb  aicar_flash.o [1]
zf_sprintf              0x8000'eafd   0x316  Code  Gb  SEEKFREE_PRINTF.o [1]
zoomin                  0x8000'78c5   0x15c  Code  Gb  fd_GetMid.o [1]


[1] = D:\14_gitee_store\medicine_car\Project\IAR\program\nor_sdram_zf_dtcm\Obj
[2] = dl7M_tln.a
[3] = m7M_tlv.a
[4] = rt7M_tl.a
[5] = shb_l.a

   1 288 bytes of readonly  code memory
  96 406 bytes of readwrite code memory
  63 663 bytes of readonly  data memory
  27 340 bytes of readwrite data memory

Errors: none
Warnings: none
